0 verbose cli /Users/NUMTEMA/.nvm/versions/node/v24.5.0/bin/node /Users/NUMTEMA/.nvm/versions/node/v24.5.0/bin/npm
1 info using npm@11.5.1
2 info using node@v24.5.0
3 silly config load:file:/Users/NUMTEMA/.nvm/versions/node/v24.5.0/lib/node_modules/npm/npmrc
4 silly config load:file:/Users/NUMTEMA/Downloads/funnel-scraper-mvp/.npmrc
5 silly config load:file:/Users/NUMTEMA/.npmrc
6 silly config load:file:/Users/NUMTEMA/.nvm/versions/node/v24.5.0/etc/npmrc
7 verbose title npm ls @scarf/scarf
8 verbose argv "ls" "@scarf/scarf" "--json" "--long"
9 verbose logfile logs-max:10 dir:/Users/NUMTEMA/Downloads/funnel-scraper-mvp/.npm-cache/_logs/2026-05-22T14_58_53_627Z-
10 verbose logfile /Users/NUMTEMA/Downloads/funnel-scraper-mvp/.npm-cache/_logs/2026-05-22T14_58_53_627Z-debug-0.log
11 silly logfile done cleaning log files
12 silly packumentCache heap:4496293888 maxSize:1124073472 maxEntrySize:562036736
13 verbose shrinkwrap failed to load node_modules/.package-lock.json out of date, updated: node_modules
14 verbose cwd /Users/NUMTEMA/Downloads/funnel-scraper-mvp
15 verbose os Darwin 22.6.0
16 verbose node v24.5.0
17 verbose npm  v11.5.1
18 verbose exit 0
19 info ok
