0 verbose cli /Users/NUMTEMA/.nvm/versions/node/v24.5.0/bin/node /Users/NUMTEMA/.nvm/versions/node/v24.5.0/bin/npm
1 info using npm@11.5.1
2 info using node@v24.5.0
3 silly config load:file:/Users/NUMTEMA/.nvm/versions/node/v24.5.0/lib/node_modules/npm/npmrc
4 silly config load:file:/Users/NUMTEMA/Downloads/funnel-scraper-mvp/.npmrc
5 silly config load:file:/Users/NUMTEMA/.npmrc
6 silly config load:file:/Users/NUMTEMA/.nvm/versions/node/v24.5.0/etc/npmrc
7 verbose title npm install express swagger-ui-express swagger-jsdoc cors
8 verbose argv "install" "express" "swagger-ui-express" "swagger-jsdoc" "cors"
9 verbose logfile logs-max:10 dir:/Users/NUMTEMA/Downloads/funnel-scraper-mvp/.npm-cache/_logs/2026-05-22T14_58_50_038Z-
10 verbose logfile /Users/NUMTEMA/Downloads/funnel-scraper-mvp/.npm-cache/_logs/2026-05-22T14_58_50_038Z-debug-0.log
11 silly logfile done cleaning log files
12 silly packumentCache heap:4496293888 maxSize:1124073472 maxEntrySize:562036736
13 silly idealTree buildDeps
14 silly fetch manifest express@*
15 silly packumentCache full:https://registry.npmjs.org/express cache-miss
16 http fetch GET 200 https://registry.npmjs.org/express 157ms (cache miss)
17 silly packumentCache full:https://registry.npmjs.org/express set size:undefined disposed:false
18 silly fetch manifest swagger-ui-express@*
19 silly packumentCache full:https://registry.npmjs.org/swagger-ui-express cache-miss
20 http fetch GET 200 https://registry.npmjs.org/swagger-ui-express 35ms (cache miss)
21 silly packumentCache full:https://registry.npmjs.org/swagger-ui-express set size:undefined disposed:false
22 silly fetch manifest swagger-jsdoc@*
23 silly packumentCache full:https://registry.npmjs.org/swagger-jsdoc cache-miss
24 http fetch GET 200 https://registry.npmjs.org/swagger-jsdoc 42ms (cache miss)
25 silly packumentCache full:https://registry.npmjs.org/swagger-jsdoc set size:undefined disposed:false
26 silly fetch manifest cors@*
27 silly packumentCache full:https://registry.npmjs.org/cors cache-miss
28 http fetch GET 200 https://registry.npmjs.org/cors 37ms (cache miss)
29 silly packumentCache full:https://registry.npmjs.org/cors set size:undefined disposed:false
30 silly placeDep ROOT cors@2.8.6 OK for: funnel-scraper-mvp@0.1.0 want: *
31 silly placeDep ROOT express@5.2.1 OK for: funnel-scraper-mvp@0.1.0 want: *
32 silly placeDep ROOT swagger-jsdoc@6.2.8 OK for: funnel-scraper-mvp@0.1.0 want: *
33 silly placeDep ROOT swagger-ui-express@5.0.1 OK for: funnel-scraper-mvp@0.1.0 want: *
34 silly fetch manifest object-assign@^4
35 silly packumentCache full:https://registry.npmjs.org/object-assign cache-miss
36 silly fetch manifest vary@^1
37 silly packumentCache full:https://registry.npmjs.org/vary cache-miss
38 silly fetch manifest qs@^6.14.0
39 silly packumentCache full:https://registry.npmjs.org/qs cache-miss
40 silly fetch manifest depd@^2.0.0
41 silly packumentCache full:https://registry.npmjs.org/depd cache-miss
42 silly fetch manifest etag@^1.8.1
43 silly packumentCache full:https://registry.npmjs.org/etag cache-miss
44 silly fetch manifest once@^1.4.0
45 silly packumentCache full:https://registry.npmjs.org/once cache-miss
46 silly fetch manifest send@^1.1.0
47 silly packumentCache full:https://registry.npmjs.org/send cache-miss
48 http fetch GET 200 https://registry.npmjs.org/object-assign 48ms (cache miss)
49 silly packumentCache full:https://registry.npmjs.org/object-assign set size:undefined disposed:false
50 silly fetch manifest vary@^1.1.2
51 silly packumentCache full:https://registry.npmjs.org/vary cache-miss
52 http fetch GET 200 https://registry.npmjs.org/vary 42ms (cache miss)
53 silly packumentCache full:https://registry.npmjs.org/vary set size:undefined disposed:false
54 silly fetch manifest debug@^4.4.0
55 silly packumentCache full:https://registry.npmjs.org/debug cache-miss
56 http fetch GET 200 https://registry.npmjs.org/depd 93ms (cache miss)
57 silly packumentCache full:https://registry.npmjs.org/depd set size:undefined disposed:false
58 silly fetch manifest fresh@^2.0.0
59 silly packumentCache full:https://registry.npmjs.org/fresh cache-miss
60 http fetch GET 200 https://registry.npmjs.org/vary 95ms (cache miss)
61 silly packumentCache full:https://registry.npmjs.org/vary set size:undefined disposed:false
62 silly fetch manifest cookie@^0.7.1
63 silly packumentCache full:https://registry.npmjs.org/cookie cache-miss
64 http fetch GET 200 https://registry.npmjs.org/etag 96ms (cache miss)
65 silly packumentCache full:https://registry.npmjs.org/etag set size:undefined disposed:false
66 silly fetch manifest router@^2.2.0
67 silly packumentCache full:https://registry.npmjs.org/router cache-miss
68 http fetch GET 200 https://registry.npmjs.org/once 99ms (cache miss)
69 silly packumentCache full:https://registry.npmjs.org/once set size:undefined disposed:false
70 silly fetch manifest accepts@^2.0.0
71 silly packumentCache full:https://registry.npmjs.org/accepts cache-miss
72 http fetch GET 200 https://registry.npmjs.org/send 105ms (cache miss)
73 silly packumentCache full:https://registry.npmjs.org/send set size:undefined disposed:false
74 silly fetch manifest type-is@^2.0.1
75 silly packumentCache full:https://registry.npmjs.org/type-is cache-miss
76 http fetch GET 200 https://registry.npmjs.org/qs 111ms (cache miss)
77 silly packumentCache full:https://registry.npmjs.org/qs set size:undefined disposed:false
78 silly fetch manifest parseurl@^1.3.3
79 silly packumentCache full:https://registry.npmjs.org/parseurl cache-miss
80 http fetch GET 200 https://registry.npmjs.org/fresh 42ms (cache miss)
81 silly packumentCache full:https://registry.npmjs.org/fresh set size:undefined disposed:false
82 silly fetch manifest statuses@^2.0.1
83 silly packumentCache full:https://registry.npmjs.org/statuses cache-miss
84 http fetch GET 200 https://registry.npmjs.org/cookie 46ms (cache miss)
85 silly packumentCache full:https://registry.npmjs.org/cookie set size:undefined disposed:false
86 silly fetch manifest encodeurl@^2.0.0
87 silly packumentCache full:https://registry.npmjs.org/encodeurl cache-miss
88 http fetch GET 200 https://registry.npmjs.org/accepts 45ms (cache miss)
89 silly packumentCache full:https://registry.npmjs.org/accepts set size:undefined disposed:false
90 silly fetch manifest mime-types@^3.0.0
91 silly packumentCache full:https://registry.npmjs.org/mime-types cache-miss
92 http fetch GET 200 https://registry.npmjs.org/type-is 40ms (cache miss)
93 silly packumentCache full:https://registry.npmjs.org/type-is set size:undefined disposed:false
94 silly fetch manifest proxy-addr@^2.0.7
95 silly packumentCache full:https://registry.npmjs.org/proxy-addr cache-miss
96 http fetch GET 200 https://registry.npmjs.org/debug 60ms (cache miss)
97 silly packumentCache full:https://registry.npmjs.org/debug set size:undefined disposed:false
98 silly fetch manifest body-parser@^2.2.1
99 silly packumentCache full:https://registry.npmjs.org/body-parser cache-miss
100 http fetch GET 200 https://registry.npmjs.org/router 58ms (cache miss)
101 silly packumentCache full:https://registry.npmjs.org/router set size:undefined disposed:false
102 silly fetch manifest escape-html@^1.0.3
103 silly packumentCache full:https://registry.npmjs.org/escape-html cache-miss
104 http fetch GET 200 https://registry.npmjs.org/parseurl 47ms (cache miss)
105 silly packumentCache full:https://registry.npmjs.org/parseurl set size:undefined disposed:false
106 silly fetch manifest http-errors@^2.0.0
107 silly packumentCache full:https://registry.npmjs.org/http-errors cache-miss
108 http fetch GET 200 https://registry.npmjs.org/statuses 32ms (cache miss)
109 silly packumentCache full:https://registry.npmjs.org/statuses set size:undefined disposed:false
110 silly fetch manifest on-finished@^2.4.1
111 silly packumentCache full:https://registry.npmjs.org/on-finished cache-miss
112 http fetch GET 200 https://registry.npmjs.org/encodeurl 35ms (cache miss)
113 silly packumentCache full:https://registry.npmjs.org/encodeurl set size:undefined disposed:false
114 silly fetch manifest content-type@^1.0.5
115 silly packumentCache full:https://registry.npmjs.org/content-type cache-miss
116 http fetch GET 200 https://registry.npmjs.org/proxy-addr 32ms (cache miss)
117 silly packumentCache full:https://registry.npmjs.org/proxy-addr set size:undefined disposed:false
118 silly fetch manifest finalhandler@^2.1.0
119 silly packumentCache full:https://registry.npmjs.org/finalhandler cache-miss
120 http fetch GET 200 https://registry.npmjs.org/mime-types 39ms (cache miss)
121 silly packumentCache full:https://registry.npmjs.org/mime-types set size:undefined disposed:false
122 silly fetch manifest range-parser@^1.2.1
123 silly packumentCache full:https://registry.npmjs.org/range-parser cache-miss
124 http fetch GET 200 https://registry.npmjs.org/body-parser 40ms (cache miss)
125 silly packumentCache full:https://registry.npmjs.org/body-parser set size:undefined disposed:false
126 silly fetch manifest serve-static@^2.2.0
127 silly packumentCache full:https://registry.npmjs.org/serve-static cache-miss
128 http fetch GET 200 https://registry.npmjs.org/on-finished 34ms (cache miss)
129 silly packumentCache full:https://registry.npmjs.org/on-finished set size:undefined disposed:false
130 silly fetch manifest cookie-signature@^1.2.1
131 silly packumentCache full:https://registry.npmjs.org/cookie-signature cache-miss
132 http fetch GET 200 https://registry.npmjs.org/http-errors 44ms (cache miss)
133 silly packumentCache full:https://registry.npmjs.org/http-errors set size:undefined disposed:false
134 silly fetch manifest merge-descriptors@^2.0.0
135 silly packumentCache full:https://registry.npmjs.org/merge-descriptors cache-miss
136 http fetch GET 200 https://registry.npmjs.org/content-type 34ms (cache miss)
137 silly packumentCache full:https://registry.npmjs.org/content-type set size:undefined disposed:false
138 silly fetch manifest content-disposition@^1.0.0
139 silly packumentCache full:https://registry.npmjs.org/content-disposition cache-miss
140 http fetch GET 200 https://registry.npmjs.org/finalhandler 31ms (cache miss)
141 silly packumentCache full:https://registry.npmjs.org/finalhandler set size:undefined disposed:false
142 silly fetch manifest glob@7.1.6
143 silly packumentCache full:https://registry.npmjs.org/glob cache-miss
144 http fetch GET 200 https://registry.npmjs.org/range-parser 40ms (cache miss)
145 silly packumentCache full:https://registry.npmjs.org/range-parser set size:undefined disposed:false
146 silly fetch manifest yaml@2.0.0-1
147 silly packumentCache full:https://registry.npmjs.org/yaml cache-miss
148 http fetch GET 200 https://registry.npmjs.org/cookie-signature 30ms (cache miss)
149 silly packumentCache full:https://registry.npmjs.org/cookie-signature set size:undefined disposed:false
150 silly fetch manifest doctrine@3.0.0
151 silly packumentCache full:https://registry.npmjs.org/doctrine cache-miss
152 http fetch GET 200 https://registry.npmjs.org/serve-static 42ms (cache miss)
153 silly packumentCache full:https://registry.npmjs.org/serve-static set size:undefined disposed:false
154 silly fetch manifest commander@6.2.0
155 silly packumentCache full:https://registry.npmjs.org/commander cache-miss
156 http fetch GET 200 https://registry.npmjs.org/merge-descriptors 41ms (cache miss)
157 silly packumentCache full:https://registry.npmjs.org/merge-descriptors set size:undefined disposed:false
158 silly fetch manifest swagger-parser@^10.0.3
159 silly packumentCache full:https://registry.npmjs.org/swagger-parser cache-miss
160 http fetch GET 200 https://registry.npmjs.org/content-disposition 37ms (cache miss)
161 silly packumentCache full:https://registry.npmjs.org/content-disposition set size:undefined disposed:false
162 silly fetch manifest lodash.mergewith@^4.6.2
163 silly packumentCache full:https://registry.npmjs.org/lodash.mergewith cache-miss
164 http fetch GET 200 https://registry.npmjs.org/glob 46ms (cache miss)
165 silly packumentCache full:https://registry.npmjs.org/glob set size:undefined disposed:false
166 silly fetch manifest swagger-ui-dist@>=5.0.0
167 silly packumentCache full:https://registry.npmjs.org/swagger-ui-dist cache-miss
168 http fetch GET 200 https://registry.npmjs.org/escape-html 118ms (cache miss)
169 silly packumentCache full:https://registry.npmjs.org/escape-html set size:undefined disposed:false
170 http fetch GET 200 https://registry.npmjs.org/doctrine 41ms (cache miss)
171 silly packumentCache full:https://registry.npmjs.org/doctrine set size:undefined disposed:false
172 http fetch GET 200 https://registry.npmjs.org/yaml 55ms (cache miss)
173 silly packumentCache full:https://registry.npmjs.org/yaml set size:undefined disposed:false
174 http fetch GET 200 https://registry.npmjs.org/commander 51ms (cache miss)
175 silly packumentCache full:https://registry.npmjs.org/commander set size:undefined disposed:false
176 http fetch GET 200 https://registry.npmjs.org/lodash.mergewith 51ms (cache miss)
177 silly packumentCache full:https://registry.npmjs.org/lodash.mergewith set size:undefined disposed:false
178 http fetch GET 200 https://registry.npmjs.org/swagger-parser 57ms (cache miss)
179 silly packumentCache full:https://registry.npmjs.org/swagger-parser set size:undefined disposed:false
180 http fetch GET 200 https://registry.npmjs.org/swagger-ui-dist 61ms (cache miss)
181 silly packumentCache full:https://registry.npmjs.org/swagger-ui-dist set size:undefined disposed:false
182 silly placeDep ROOT object-assign@4.1.1 OK for: cors@2.8.6 want: ^4
183 silly placeDep ROOT vary@1.1.2 OK for: cors@2.8.6 want: ^1
184 silly placeDep ROOT accepts@2.0.0 OK for: express@5.2.1 want: ^2.0.0
185 silly placeDep ROOT body-parser@2.2.2 OK for: express@5.2.1 want: ^2.2.1
186 silly placeDep ROOT content-disposition@1.1.0 OK for: express@5.2.1 want: ^1.0.0
187 silly placeDep ROOT content-type@1.0.5 OK for: express@5.2.1 want: ^1.0.5
188 silly placeDep ROOT cookie@0.7.2 OK for: express@5.2.1 want: ^0.7.1
189 silly placeDep ROOT cookie-signature@1.2.2 OK for: express@5.2.1 want: ^1.2.1
190 silly placeDep ROOT debug@4.4.3 OK for: express@5.2.1 want: ^4.4.0
191 silly placeDep ROOT depd@2.0.0 OK for: express@5.2.1 want: ^2.0.0
192 silly placeDep ROOT encodeurl@2.0.0 OK for: express@5.2.1 want: ^2.0.0
193 silly placeDep ROOT escape-html@1.0.3 OK for: express@5.2.1 want: ^1.0.3
194 silly placeDep ROOT etag@1.8.1 OK for: express@5.2.1 want: ^1.8.1
195 silly placeDep ROOT finalhandler@2.1.1 OK for: express@5.2.1 want: ^2.1.0
196 silly placeDep ROOT fresh@2.0.0 OK for: express@5.2.1 want: ^2.0.0
197 silly placeDep ROOT http-errors@2.0.1 OK for: express@5.2.1 want: ^2.0.0
198 silly placeDep ROOT merge-descriptors@2.0.0 OK for: express@5.2.1 want: ^2.0.0
199 silly placeDep ROOT mime-types@3.0.2 OK for: express@5.2.1 want: ^3.0.0
200 silly placeDep ROOT on-finished@2.4.1 OK for: express@5.2.1 want: ^2.4.1
201 silly placeDep ROOT once@1.4.0 OK for: express@5.2.1 want: ^1.4.0
202 silly placeDep ROOT parseurl@1.3.3 OK for: express@5.2.1 want: ^1.3.3
203 silly placeDep ROOT proxy-addr@2.0.7 OK for: express@5.2.1 want: ^2.0.7
204 silly placeDep ROOT qs@6.15.2 OK for: express@5.2.1 want: ^6.14.0
205 silly placeDep ROOT range-parser@1.2.1 OK for: express@5.2.1 want: ^1.2.1
206 silly placeDep ROOT router@2.2.0 OK for: express@5.2.1 want: ^2.2.0
207 silly placeDep ROOT send@1.2.1 OK for: express@5.2.1 want: ^1.1.0
208 silly placeDep ROOT serve-static@2.2.1 OK for: express@5.2.1 want: ^2.2.0
209 silly placeDep ROOT statuses@2.0.2 OK for: express@5.2.1 want: ^2.0.1
210 silly placeDep ROOT type-is@2.1.0 OK for: express@5.2.1 want: ^2.0.1
211 silly fetch manifest negotiator@^1.0.0
212 silly packumentCache full:https://registry.npmjs.org/negotiator cache-miss
213 silly fetch manifest qs@^6.14.1
214 silly packumentCache full:https://registry.npmjs.org/qs cache-miss
215 silly fetch manifest bytes@^3.1.2
216 silly packumentCache full:https://registry.npmjs.org/bytes cache-miss
217 silly fetch manifest debug@^4.4.3
218 silly packumentCache full:https://registry.npmjs.org/debug cache-miss
219 silly fetch manifest raw-body@^3.0.1
220 silly packumentCache full:https://registry.npmjs.org/raw-body cache-miss
221 silly fetch manifest iconv-lite@^0.7.0
222 silly packumentCache full:https://registry.npmjs.org/iconv-lite cache-miss
223 silly fetch manifest ms@^2.1.3
224 silly packumentCache full:https://registry.npmjs.org/ms cache-miss
225 http cache https://registry.npmjs.org/debug 13ms (cache hit)
226 silly packumentCache full:https://registry.npmjs.org/debug set size:195840 disposed:false
227 silly fetch manifest inherits@~2.0.4
228 silly packumentCache full:https://registry.npmjs.org/inherits cache-miss
229 http cache https://registry.npmjs.org/qs 17ms (cache hit)
230 silly packumentCache full:https://registry.npmjs.org/qs set size:356906 disposed:false
231 silly fetch manifest setprototypeof@~1.2.0
232 silly packumentCache full:https://registry.npmjs.org/setprototypeof cache-miss
233 http fetch GET 200 https://registry.npmjs.org/bytes 35ms (cache miss)
234 silly packumentCache full:https://registry.npmjs.org/bytes set size:undefined disposed:false
235 silly fetch manifest statuses@~2.0.2
236 silly packumentCache full:https://registry.npmjs.org/statuses cache-miss
237 http fetch GET 200 https://registry.npmjs.org/negotiator 42ms (cache miss)
238 silly packumentCache full:https://registry.npmjs.org/negotiator set size:undefined disposed:false
239 silly fetch manifest toidentifier@~1.0.1
240 silly packumentCache full:https://registry.npmjs.org/toidentifier cache-miss
241 http fetch GET 200 https://registry.npmjs.org/iconv-lite 43ms (cache revalidated)
242 silly packumentCache full:https://registry.npmjs.org/iconv-lite set size:120557 disposed:false
243 silly fetch manifest mime-db@^1.54.0
244 silly packumentCache full:https://registry.npmjs.org/mime-db cache-miss
245 http cache https://registry.npmjs.org/statuses 16ms (cache hit)
246 silly packumentCache full:https://registry.npmjs.org/statuses set size:37117 disposed:false
247 silly fetch manifest ee-first@1.1.1
248 silly packumentCache full:https://registry.npmjs.org/ee-first cache-miss
249 http fetch GET 200 https://registry.npmjs.org/ms 52ms (cache miss)
250 silly packumentCache full:https://registry.npmjs.org/ms set size:undefined disposed:false
251 silly fetch manifest wrappy@1
252 silly packumentCache full:https://registry.npmjs.org/wrappy cache-miss
253 http fetch GET 200 https://registry.npmjs.org/raw-body 58ms (cache miss)
254 silly packumentCache full:https://registry.npmjs.org/raw-body set size:undefined disposed:false
255 silly fetch manifest forwarded@0.2.0
256 silly packumentCache full:https://registry.npmjs.org/forwarded cache-miss
257 http fetch GET 200 https://registry.npmjs.org/inherits 46ms (cache miss)
258 silly packumentCache full:https://registry.npmjs.org/inherits set size:undefined disposed:false
259 silly fetch manifest ipaddr.js@1.9.1
260 silly packumentCache full:https://registry.npmjs.org/ipaddr.js cache-miss
261 http fetch GET 200 https://registry.npmjs.org/setprototypeof 45ms (cache miss)
262 silly packumentCache full:https://registry.npmjs.org/setprototypeof set size:undefined disposed:false
263 silly fetch manifest side-channel@^1.1.0
264 silly packumentCache full:https://registry.npmjs.org/side-channel cache-miss
265 http fetch GET 200 https://registry.npmjs.org/toidentifier 27ms (cache miss)
266 silly packumentCache full:https://registry.npmjs.org/toidentifier set size:undefined disposed:false
267 silly fetch manifest is-promise@^4.0.0
268 silly packumentCache full:https://registry.npmjs.org/is-promise cache-miss
269 http fetch GET 200 https://registry.npmjs.org/ee-first 25ms (cache miss)
270 silly packumentCache full:https://registry.npmjs.org/ee-first set size:undefined disposed:false
271 silly fetch manifest path-to-regexp@^8.0.0
272 silly packumentCache full:https://registry.npmjs.org/path-to-regexp cache-miss
273 http fetch GET 200 https://registry.npmjs.org/mime-db 40ms (cache miss)
274 silly packumentCache full:https://registry.npmjs.org/mime-db set size:undefined disposed:false
275 silly fetch manifest statuses@^2.0.2
276 silly packumentCache full:https://registry.npmjs.org/statuses cache-hit
277 silly fetch manifest content-type@^2.0.0
278 silly packumentCache full:https://registry.npmjs.org/content-type cache-miss
279 http fetch GET 200 https://registry.npmjs.org/wrappy 44ms (cache miss)
280 silly packumentCache full:https://registry.npmjs.org/wrappy set size:undefined disposed:false
281 silly fetch manifest media-typer@^1.1.0
282 silly packumentCache full:https://registry.npmjs.org/media-typer cache-miss
283 http cache https://registry.npmjs.org/content-type 14ms (cache hit)
284 silly packumentCache full:https://registry.npmjs.org/content-type set size:18994 disposed:false
285 http fetch GET 200 https://registry.npmjs.org/side-channel 39ms (cache miss)
286 silly packumentCache full:https://registry.npmjs.org/side-channel set size:undefined disposed:false
287 http fetch GET 200 https://registry.npmjs.org/forwarded 48ms (cache miss)
288 silly packumentCache full:https://registry.npmjs.org/forwarded set size:undefined disposed:false
289 http fetch GET 200 https://registry.npmjs.org/is-promise 38ms (cache miss)
290 silly packumentCache full:https://registry.npmjs.org/is-promise set size:undefined disposed:false
291 http fetch GET 200 https://registry.npmjs.org/ipaddr.js 48ms (cache miss)
292 silly packumentCache full:https://registry.npmjs.org/ipaddr.js set size:undefined disposed:false
293 http fetch GET 200 https://registry.npmjs.org/path-to-regexp 36ms (cache miss)
294 silly packumentCache full:https://registry.npmjs.org/path-to-regexp set size:undefined disposed:false
295 http fetch GET 200 https://registry.npmjs.org/media-typer 42ms (cache miss)
296 silly packumentCache full:https://registry.npmjs.org/media-typer set size:undefined disposed:false
297 silly placeDep ROOT negotiator@1.0.0 OK for: accepts@2.0.0 want: ^1.0.0
298 silly placeDep ROOT bytes@3.1.2 OK for: body-parser@2.2.2 want: ^3.1.2
299 silly placeDep node_modules/body-parser iconv-lite@0.7.2 OK for: body-parser@2.2.2 want: ^0.7.0
300 silly placeDep ROOT raw-body@3.0.2 OK for: body-parser@2.2.2 want: ^3.0.1
301 silly fetch manifest unpipe@~1.0.0
302 silly packumentCache full:https://registry.npmjs.org/unpipe cache-miss
303 silly fetch manifest iconv-lite@~0.7.0
304 silly packumentCache full:https://registry.npmjs.org/iconv-lite cache-hit
305 http fetch GET 200 https://registry.npmjs.org/unpipe 30ms (cache miss)
306 silly packumentCache full:https://registry.npmjs.org/unpipe set size:undefined disposed:false
307 silly placeDep ROOT ms@2.1.3 OK for: debug@4.4.3 want: ^2.1.3
308 silly placeDep ROOT inherits@2.0.4 OK for: http-errors@2.0.1 want: ~2.0.4
309 silly placeDep ROOT setprototypeof@1.2.0 OK for: http-errors@2.0.1 want: ~1.2.0
310 silly placeDep ROOT toidentifier@1.0.1 OK for: http-errors@2.0.1 want: ~1.0.1
311 silly placeDep ROOT mime-db@1.54.0 OK for: mime-types@3.0.2 want: ^1.54.0
312 silly placeDep ROOT ee-first@1.1.1 OK for: on-finished@2.4.1 want: 1.1.1
313 silly placeDep ROOT wrappy@1.0.2 OK for: once@1.4.0 want: 1
314 silly placeDep ROOT forwarded@0.2.0 OK for: proxy-addr@2.0.7 want: 0.2.0
315 silly placeDep ROOT ipaddr.js@1.9.1 OK for: proxy-addr@2.0.7 want: 1.9.1
316 silly placeDep ROOT side-channel@1.1.0 OK for: qs@6.15.2 want: ^1.1.0
317 silly fetch manifest es-errors@^1.3.0
318 silly packumentCache full:https://registry.npmjs.org/es-errors cache-miss
319 silly fetch manifest object-inspect@^1.13.3
320 silly packumentCache full:https://registry.npmjs.org/object-inspect cache-miss
321 silly fetch manifest side-channel-list@^1.0.0
322 silly packumentCache full:https://registry.npmjs.org/side-channel-list cache-miss
323 silly fetch manifest side-channel-map@^1.0.1
324 silly packumentCache full:https://registry.npmjs.org/side-channel-map cache-miss
325 silly fetch manifest side-channel-weakmap@^1.0.2
326 silly packumentCache full:https://registry.npmjs.org/side-channel-weakmap cache-miss
327 http fetch GET 200 https://registry.npmjs.org/side-channel-weakmap 35ms (cache miss)
328 silly packumentCache full:https://registry.npmjs.org/side-channel-weakmap set size:undefined disposed:false
329 http fetch GET 200 https://registry.npmjs.org/side-channel-map 36ms (cache miss)
330 silly packumentCache full:https://registry.npmjs.org/side-channel-map set size:undefined disposed:false
331 http fetch GET 200 https://registry.npmjs.org/es-errors 37ms (cache miss)
332 silly packumentCache full:https://registry.npmjs.org/es-errors set size:undefined disposed:false
333 http fetch GET 200 https://registry.npmjs.org/side-channel-list 38ms (cache miss)
334 silly packumentCache full:https://registry.npmjs.org/side-channel-list set size:undefined disposed:false
335 http fetch GET 200 https://registry.npmjs.org/object-inspect 39ms (cache miss)
336 silly packumentCache full:https://registry.npmjs.org/object-inspect set size:undefined disposed:false
337 silly placeDep node_modules/raw-body iconv-lite@0.7.2 OK for: raw-body@3.0.2 want: ~0.7.0
338 silly placeDep ROOT unpipe@1.0.0 OK for: raw-body@3.0.2 want: ~1.0.0
339 silly placeDep ROOT is-promise@4.0.0 OK for: router@2.2.0 want: ^4.0.0
340 silly placeDep ROOT path-to-regexp@8.4.2 OK for: router@2.2.0 want: ^8.0.0
341 silly placeDep ROOT es-errors@1.3.0 OK for: side-channel@1.1.0 want: ^1.3.0
342 silly placeDep ROOT object-inspect@1.13.4 OK for: side-channel@1.1.0 want: ^1.13.3
343 silly placeDep ROOT side-channel-list@1.0.1 OK for: side-channel@1.1.0 want: ^1.0.0
344 silly placeDep ROOT side-channel-map@1.0.1 OK for: side-channel@1.1.0 want: ^1.0.1
345 silly placeDep ROOT side-channel-weakmap@1.0.2 OK for: side-channel@1.1.0 want: ^1.0.2
346 silly fetch manifest call-bound@^1.0.2
347 silly packumentCache full:https://registry.npmjs.org/call-bound cache-miss
348 silly fetch manifest get-intrinsic@^1.2.5
349 silly packumentCache full:https://registry.npmjs.org/get-intrinsic cache-miss
350 silly fetch manifest call-bound@^1.0.2
351 silly packumentCache full:https://registry.npmjs.org/call-bound cache-miss
352 silly fetch manifest get-intrinsic@^1.2.5
353 silly packumentCache full:https://registry.npmjs.org/get-intrinsic cache-miss
354 http fetch GET 200 https://registry.npmjs.org/get-intrinsic 31ms (cache miss)
355 silly packumentCache full:https://registry.npmjs.org/get-intrinsic set size:undefined disposed:false
356 http fetch GET 200 https://registry.npmjs.org/call-bound 35ms (cache miss)
357 silly packumentCache full:https://registry.npmjs.org/call-bound set size:undefined disposed:false
358 http fetch GET 200 https://registry.npmjs.org/call-bound 38ms (cache miss)
359 silly packumentCache full:https://registry.npmjs.org/call-bound set size:undefined disposed:false
360 http fetch GET 200 https://registry.npmjs.org/get-intrinsic 38ms (cache miss)
361 silly packumentCache full:https://registry.npmjs.org/get-intrinsic set size:undefined disposed:false
362 silly placeDep ROOT call-bound@1.0.4 OK for: side-channel-map@1.0.1 want: ^1.0.2
363 silly placeDep ROOT get-intrinsic@1.3.0 OK for: side-channel-map@1.0.1 want: ^1.2.5
364 silly fetch manifest call-bind-apply-helpers@^1.0.2
365 silly packumentCache full:https://registry.npmjs.org/call-bind-apply-helpers cache-miss
366 silly fetch manifest get-intrinsic@^1.3.0
367 silly packumentCache full:https://registry.npmjs.org/get-intrinsic cache-miss
368 silly fetch manifest gopd@^1.2.0
369 silly packumentCache full:https://registry.npmjs.org/gopd cache-miss
370 silly fetch manifest hasown@^2.0.2
371 silly packumentCache full:https://registry.npmjs.org/hasown cache-miss
372 silly fetch manifest get-proto@^1.0.1
373 silly packumentCache full:https://registry.npmjs.org/get-proto cache-miss
374 silly fetch manifest has-symbols@^1.1.0
375 silly packumentCache full:https://registry.npmjs.org/has-symbols cache-miss
376 silly fetch manifest function-bind@^1.1.2
377 silly packumentCache full:https://registry.npmjs.org/function-bind cache-miss
378 http cache https://registry.npmjs.org/get-intrinsic 6ms (cache hit)
379 silly packumentCache full:https://registry.npmjs.org/get-intrinsic set size:60985 disposed:false
380 silly fetch manifest es-object-atoms@^1.1.1
381 silly packumentCache full:https://registry.npmjs.org/es-object-atoms cache-miss
382 http fetch GET 200 https://registry.npmjs.org/call-bind-apply-helpers 32ms (cache miss)
383 silly packumentCache full:https://registry.npmjs.org/call-bind-apply-helpers set size:undefined disposed:false
384 silly fetch manifest math-intrinsics@^1.1.0
385 silly packumentCache full:https://registry.npmjs.org/math-intrinsics cache-miss
386 http fetch GET 200 https://registry.npmjs.org/get-proto 32ms (cache miss)
387 silly packumentCache full:https://registry.npmjs.org/get-proto set size:undefined disposed:false
388 silly fetch manifest es-define-property@^1.0.1
389 silly packumentCache full:https://registry.npmjs.org/es-define-property cache-miss
390 http fetch GET 200 https://registry.npmjs.org/has-symbols 38ms (cache miss)
391 silly packumentCache full:https://registry.npmjs.org/has-symbols set size:undefined disposed:false
392 http fetch GET 200 https://registry.npmjs.org/function-bind 40ms (cache miss)
393 silly packumentCache full:https://registry.npmjs.org/function-bind set size:undefined disposed:false
394 http fetch GET 200 https://registry.npmjs.org/es-object-atoms 34ms (cache miss)
395 silly packumentCache full:https://registry.npmjs.org/es-object-atoms set size:undefined disposed:false
396 http fetch GET 200 https://registry.npmjs.org/gopd 42ms (cache miss)
397 silly packumentCache full:https://registry.npmjs.org/gopd set size:undefined disposed:false
398 http fetch GET 200 https://registry.npmjs.org/hasown 43ms (cache miss)
399 silly packumentCache full:https://registry.npmjs.org/hasown set size:undefined disposed:false
400 http fetch GET 200 https://registry.npmjs.org/es-define-property 25ms (cache miss)
401 silly packumentCache full:https://registry.npmjs.org/es-define-property set size:undefined disposed:false
402 http fetch GET 200 https://registry.npmjs.org/math-intrinsics 35ms (cache miss)
403 silly packumentCache full:https://registry.npmjs.org/math-intrinsics set size:undefined disposed:false
404 silly placeDep ROOT call-bind-apply-helpers@1.0.2 OK for: call-bound@1.0.4 want: ^1.0.2
405 silly placeDep ROOT function-bind@1.1.2 OK for: call-bind-apply-helpers@1.0.2 want: ^1.1.2
406 silly placeDep ROOT es-define-property@1.0.1 OK for: get-intrinsic@1.3.0 want: ^1.0.1
407 silly placeDep ROOT es-object-atoms@1.1.2 OK for: get-intrinsic@1.3.0 want: ^1.1.1
408 silly placeDep ROOT get-proto@1.0.1 OK for: get-intrinsic@1.3.0 want: ^1.0.1
409 silly placeDep ROOT gopd@1.2.0 OK for: get-intrinsic@1.3.0 want: ^1.2.0
410 silly placeDep ROOT has-symbols@1.1.0 OK for: get-intrinsic@1.3.0 want: ^1.1.0
411 silly placeDep ROOT hasown@2.0.3 OK for: get-intrinsic@1.3.0 want: ^2.0.2
412 silly placeDep ROOT math-intrinsics@1.1.0 OK for: get-intrinsic@1.3.0 want: ^1.1.0
413 silly fetch manifest dunder-proto@^1.0.1
414 silly packumentCache full:https://registry.npmjs.org/dunder-proto cache-miss
415 http fetch GET 200 https://registry.npmjs.org/dunder-proto 31ms (cache miss)
416 silly packumentCache full:https://registry.npmjs.org/dunder-proto set size:undefined disposed:false
417 silly placeDep ROOT dunder-proto@1.0.1 OK for: get-proto@1.0.1 want: ^1.0.1
418 silly placeDep ROOT commander@6.2.0 OK for: swagger-jsdoc@6.2.8 want: 6.2.0
419 silly placeDep ROOT doctrine@3.0.0 OK for: swagger-jsdoc@6.2.8 want: 3.0.0
420 silly placeDep ROOT glob@7.1.6 OK for: swagger-jsdoc@6.2.8 want: 7.1.6
421 silly placeDep ROOT lodash.mergewith@4.6.2 OK for: swagger-jsdoc@6.2.8 want: ^4.6.2
422 silly placeDep ROOT swagger-parser@10.0.3 OK for: swagger-jsdoc@6.2.8 want: ^10.0.3
423 silly placeDep ROOT yaml@2.0.0-1 OK for: swagger-jsdoc@6.2.8 want: 2.0.0-1
424 silly fetch manifest esutils@^2.0.2
425 silly packumentCache full:https://registry.npmjs.org/esutils cache-miss
426 silly fetch manifest inflight@^1.0.4
427 silly packumentCache full:https://registry.npmjs.org/inflight cache-miss
428 silly fetch manifest minimatch@^3.0.4
429 silly packumentCache full:https://registry.npmjs.org/minimatch cache-miss
430 silly fetch manifest fs.realpath@^1.0.0
431 silly packumentCache full:https://registry.npmjs.org/fs.realpath cache-miss
432 silly fetch manifest path-is-absolute@^1.0.0
433 silly packumentCache full:https://registry.npmjs.org/path-is-absolute cache-miss
434 silly fetch manifest @apidevtools/swagger-parser@10.0.3
435 silly packumentCache full:https://registry.npmjs.org/@apidevtools%2fswagger-parser cache-miss
436 http fetch GET 200 https://registry.npmjs.org/esutils 34ms (cache miss)
437 silly packumentCache full:https://registry.npmjs.org/esutils set size:undefined disposed:false
438 http fetch GET 200 https://registry.npmjs.org/path-is-absolute 35ms (cache miss)
439 silly packumentCache full:https://registry.npmjs.org/path-is-absolute set size:undefined disposed:false
440 http fetch GET 200 https://registry.npmjs.org/fs.realpath 38ms (cache miss)
441 silly packumentCache full:https://registry.npmjs.org/fs.realpath set size:undefined disposed:false
442 http fetch GET 200 https://registry.npmjs.org/inflight 51ms (cache miss)
443 silly packumentCache full:https://registry.npmjs.org/inflight set size:undefined disposed:false
444 http fetch GET 200 https://registry.npmjs.org/@apidevtools%2fswagger-parser 51ms (cache miss)
445 silly packumentCache full:https://registry.npmjs.org/@apidevtools%2fswagger-parser set size:undefined disposed:false
446 http fetch GET 200 https://registry.npmjs.org/minimatch 54ms (cache miss)
447 silly packumentCache full:https://registry.npmjs.org/minimatch set size:undefined disposed:false
448 silly placeDep ROOT esutils@2.0.3 OK for: doctrine@3.0.0 want: ^2.0.2
449 silly placeDep ROOT fs.realpath@1.0.0 OK for: glob@7.1.6 want: ^1.0.0
450 silly placeDep ROOT inflight@1.0.6 OK for: glob@7.1.6 want: ^1.0.4
451 silly placeDep ROOT minimatch@3.1.5 OK for: glob@7.1.6 want: ^3.0.4
452 silly placeDep ROOT path-is-absolute@1.0.1 OK for: glob@7.1.6 want: ^1.0.0
453 silly fetch manifest brace-expansion@^1.1.7
454 silly packumentCache full:https://registry.npmjs.org/brace-expansion cache-miss
455 http fetch GET 200 https://registry.npmjs.org/brace-expansion 32ms (cache miss)
456 silly packumentCache full:https://registry.npmjs.org/brace-expansion set size:undefined disposed:false
457 silly placeDep ROOT brace-expansion@1.1.14 OK for: minimatch@3.1.5 want: ^1.1.7
458 silly fetch manifest concat-map@0.0.1
459 silly packumentCache full:https://registry.npmjs.org/concat-map cache-miss
460 silly fetch manifest balanced-match@^1.0.0
461 silly packumentCache full:https://registry.npmjs.org/balanced-match cache-miss
462 http fetch GET 200 https://registry.npmjs.org/concat-map 32ms (cache miss)
463 silly packumentCache full:https://registry.npmjs.org/concat-map set size:undefined disposed:false
464 http fetch GET 200 https://registry.npmjs.org/balanced-match 33ms (cache miss)
465 silly packumentCache full:https://registry.npmjs.org/balanced-match set size:undefined disposed:false
466 silly placeDep ROOT balanced-match@1.0.2 OK for: brace-expansion@1.1.14 want: ^1.0.0
467 silly placeDep ROOT concat-map@0.0.1 OK for: brace-expansion@1.1.14 want: 0.0.1
468 silly fetch manifest openapi-types@>=7
469 silly packumentCache full:https://registry.npmjs.org/openapi-types cache-miss
470 http fetch GET 200 https://registry.npmjs.org/openapi-types 35ms (cache miss)
471 silly packumentCache full:https://registry.npmjs.org/openapi-types set size:undefined disposed:false
472 silly placeDep ROOT @apidevtools/swagger-parser@10.0.3 OK for: swagger-parser@10.0.3 want: 10.0.3
473 silly placeDep ROOT openapi-types@12.1.3 OK for: @apidevtools/swagger-parser@10.0.3 want: >=7
474 silly fetch manifest z-schema@^5.0.1
475 silly packumentCache full:https://registry.npmjs.org/z-schema cache-miss
476 silly fetch manifest call-me-maybe@^1.0.1
477 silly packumentCache full:https://registry.npmjs.org/call-me-maybe cache-miss
478 silly fetch manifest @jsdevtools/ono@^7.1.3
479 silly packumentCache full:https://registry.npmjs.org/@jsdevtools%2fono cache-miss
480 silly fetch manifest @apidevtools/openapi-schemas@^2.0.4
481 silly packumentCache full:https://registry.npmjs.org/@apidevtools%2fopenapi-schemas cache-miss
482 silly fetch manifest @apidevtools/swagger-methods@^3.0.2
483 silly packumentCache full:https://registry.npmjs.org/@apidevtools%2fswagger-methods cache-miss
484 silly fetch manifest @apidevtools/json-schema-ref-parser@^9.0.6
485 silly packumentCache full:https://registry.npmjs.org/@apidevtools%2fjson-schema-ref-parser cache-miss
486 http fetch GET 200 https://registry.npmjs.org/call-me-maybe 30ms (cache miss)
487 silly packumentCache full:https://registry.npmjs.org/call-me-maybe set size:undefined disposed:false
488 http fetch GET 200 https://registry.npmjs.org/@apidevtools%2fopenapi-schemas 47ms (cache miss)
489 silly packumentCache full:https://registry.npmjs.org/@apidevtools%2fopenapi-schemas set size:undefined disposed:false
490 http fetch GET 200 https://registry.npmjs.org/z-schema 51ms (cache miss)
491 silly packumentCache full:https://registry.npmjs.org/z-schema set size:undefined disposed:false
492 http fetch GET 200 https://registry.npmjs.org/@jsdevtools%2fono 57ms (cache miss)
493 silly packumentCache full:https://registry.npmjs.org/@jsdevtools%2fono set size:undefined disposed:false
494 http fetch GET 200 https://registry.npmjs.org/@apidevtools%2fjson-schema-ref-parser 65ms (cache miss)
495 silly packumentCache full:https://registry.npmjs.org/@apidevtools%2fjson-schema-ref-parser set size:undefined disposed:false
496 http fetch GET 200 https://registry.npmjs.org/@apidevtools%2fswagger-methods 211ms (cache miss)
497 silly packumentCache full:https://registry.npmjs.org/@apidevtools%2fswagger-methods set size:undefined disposed:false
498 silly placeDep ROOT @apidevtools/json-schema-ref-parser@9.1.2 OK for: @apidevtools/swagger-parser@10.0.3 want: ^9.0.6
499 silly placeDep ROOT @apidevtools/openapi-schemas@2.1.0 OK for: @apidevtools/swagger-parser@10.0.3 want: ^2.0.4
500 silly placeDep ROOT @apidevtools/swagger-methods@3.0.2 OK for: @apidevtools/swagger-parser@10.0.3 want: ^3.0.2
501 silly placeDep ROOT @jsdevtools/ono@7.1.3 OK for: @apidevtools/swagger-parser@10.0.3 want: ^7.1.3
502 silly placeDep ROOT call-me-maybe@1.0.2 OK for: @apidevtools/swagger-parser@10.0.3 want: ^1.0.1
503 silly placeDep ROOT z-schema@5.0.5 OK for: @apidevtools/swagger-parser@10.0.3 want: ^5.0.1
504 silly fetch manifest js-yaml@^4.1.0
505 silly packumentCache full:https://registry.npmjs.org/js-yaml cache-miss
506 silly fetch manifest @types/json-schema@^7.0.6
507 silly packumentCache full:https://registry.npmjs.org/@types%2fjson-schema cache-miss
508 silly fetch manifest validator@^13.7.0
509 silly packumentCache full:https://registry.npmjs.org/validator cache-miss
510 silly fetch manifest lodash.get@^4.4.2
511 silly packumentCache full:https://registry.npmjs.org/lodash.get cache-miss
512 silly fetch manifest lodash.isequal@^4.5.0
513 silly packumentCache full:https://registry.npmjs.org/lodash.isequal cache-miss
514 silly fetch manifest commander@^9.4.1
515 silly packumentCache full:https://registry.npmjs.org/commander cache-miss
516 http cache https://registry.npmjs.org/commander 7ms (cache hit)
517 silly packumentCache full:https://registry.npmjs.org/commander set size:306288 disposed:false
518 http fetch GET 200 https://registry.npmjs.org/lodash.get 32ms (cache miss)
519 silly packumentCache full:https://registry.npmjs.org/lodash.get set size:undefined disposed:false
520 http fetch GET 200 https://registry.npmjs.org/lodash.isequal 33ms (cache miss)
521 silly packumentCache full:https://registry.npmjs.org/lodash.isequal set size:undefined disposed:false
522 http fetch GET 200 https://registry.npmjs.org/@types%2fjson-schema 40ms (cache miss)
523 silly packumentCache full:https://registry.npmjs.org/@types%2fjson-schema set size:undefined disposed:false
524 http fetch GET 200 https://registry.npmjs.org/js-yaml 51ms (cache miss)
525 silly packumentCache full:https://registry.npmjs.org/js-yaml set size:undefined disposed:false
526 http fetch GET 200 https://registry.npmjs.org/validator 55ms (cache miss)
527 silly packumentCache full:https://registry.npmjs.org/validator set size:undefined disposed:false
528 silly placeDep ROOT @types/json-schema@7.0.15 OK for: @apidevtools/json-schema-ref-parser@9.1.2 want: ^7.0.6
529 silly placeDep ROOT js-yaml@4.1.1 OK for: @apidevtools/json-schema-ref-parser@9.1.2 want: ^4.1.0
530 silly fetch manifest argparse@^2.0.1
531 silly packumentCache full:https://registry.npmjs.org/argparse cache-miss
532 http fetch GET 200 https://registry.npmjs.org/argparse 35ms (cache miss)
533 silly packumentCache full:https://registry.npmjs.org/argparse set size:undefined disposed:false
534 silly placeDep ROOT argparse@2.0.1 OK for: js-yaml@4.1.1 want: ^2.0.1
535 silly placeDep ROOT swagger-ui-dist@5.32.6 OK for: swagger-ui-express@5.0.1 want: >=5.0.0
536 silly fetch manifest @scarf/scarf@=1.4.0
537 silly packumentCache full:https://registry.npmjs.org/@scarf%2fscarf cache-miss
538 http fetch GET 200 https://registry.npmjs.org/@scarf%2fscarf 44ms (cache miss)
539 silly packumentCache full:https://registry.npmjs.org/@scarf%2fscarf set size:undefined disposed:false
540 silly placeDep ROOT @scarf/scarf@1.4.0 OK for: swagger-ui-dist@5.32.6 want: =1.4.0
541 silly placeDep node_modules/type-is content-type@2.0.0 OK for: type-is@2.1.0 want: ^2.0.0
542 silly placeDep ROOT media-typer@1.1.0 OK for: type-is@2.1.0 want: ^1.1.0
543 silly placeDep node_modules/z-schema commander@9.5.0 OK for: z-schema@5.0.5 want: ^9.4.1
544 silly placeDep ROOT lodash.get@4.4.2 OK for: z-schema@5.0.5 want: ^4.4.2
545 silly placeDep ROOT lodash.isequal@4.5.0 OK for: z-schema@5.0.5 want: ^4.5.0
546 silly placeDep ROOT validator@13.15.35 OK for: z-schema@5.0.5 want: ^13.7.0
547 silly reify moves {}
548 silly audit bulk request {
548 silly audit   boolbase: [ '1.0.0' ],
548 silly audit   cheerio: [ '1.2.0' ],
548 silly audit   'cheerio-select': [ '2.1.0' ],
548 silly audit   'css-select': [ '5.2.2' ],
548 silly audit   'css-what': [ '6.2.2' ],
548 silly audit   'dom-serializer': [ '2.0.0' ],
548 silly audit   domelementtype: [ '2.3.0' ],
548 silly audit   domhandler: [ '5.0.3' ],
548 silly audit   domutils: [ '3.2.2' ],
548 silly audit   'encoding-sniffer': [ '0.2.1' ],
548 silly audit   entities: [ '4.5.0', '7.0.1', '6.0.1' ],
548 silly audit   fsevents: [ '2.3.2' ],
548 silly audit   htmlparser2: [ '10.1.0' ],
548 silly audit   'iconv-lite': [ '0.6.3', '0.7.2' ],
548 silly audit   'nth-check': [ '2.1.1' ],
548 silly audit   parse5: [ '7.3.0' ],
548 silly audit   'parse5-htmlparser2-tree-adapter': [ '7.1.0' ],
548 silly audit   'parse5-parser-stream': [ '7.1.2' ],
548 silly audit   playwright: [ '1.60.0' ],
548 silly audit   'playwright-core': [ '1.60.0' ],
548 silly audit   'safer-buffer': [ '2.1.2' ],
548 silly audit   undici: [ '7.25.0' ],
548 silly audit   'whatwg-encoding': [ '3.1.1' ],
548 silly audit   'whatwg-mimetype': [ '4.0.0' ],
548 silly audit   cors: [ '2.8.6' ],
548 silly audit   express: [ '5.2.1' ],
548 silly audit   'swagger-jsdoc': [ '6.2.8' ],
548 silly audit   'swagger-ui-express': [ '5.0.1' ],
548 silly audit   'object-assign': [ '4.1.1' ],
548 silly audit   vary: [ '1.1.2' ],
548 silly audit   accepts: [ '2.0.0' ],
548 silly audit   'body-parser': [ '2.2.2' ],
548 silly audit   'content-disposition': [ '1.1.0' ],
548 silly audit   'content-type': [ '1.0.5', '2.0.0' ],
548 silly audit   cookie: [ '0.7.2' ],
548 silly audit   'cookie-signature': [ '1.2.2' ],
548 silly audit   debug: [ '4.4.3' ],
548 silly audit   depd: [ '2.0.0' ],
548 silly audit   encodeurl: [ '2.0.0' ],
548 silly audit   'escape-html': [ '1.0.3' ],
548 silly audit   etag: [ '1.8.1' ],
548 silly audit   finalhandler: [ '2.1.1' ],
548 silly audit   fresh: [ '2.0.0' ],
548 silly audit   'http-errors': [ '2.0.1' ],
548 silly audit   'merge-descriptors': [ '2.0.0' ],
548 silly audit   'mime-types': [ '3.0.2' ],
548 silly audit   'on-finished': [ '2.4.1' ],
548 silly audit   once: [ '1.4.0' ],
548 silly audit   parseurl: [ '1.3.3' ],
548 silly audit   'proxy-addr': [ '2.0.7' ],
548 silly audit   qs: [ '6.15.2' ],
548 silly audit   'range-parser': [ '1.2.1' ],
548 silly audit   router: [ '2.2.0' ],
548 silly audit   send: [ '1.2.1' ],
548 silly audit   'serve-static': [ '2.2.1' ],
548 silly audit   statuses: [ '2.0.2' ],
548 silly audit   'type-is': [ '2.1.0' ],
548 silly audit   negotiator: [ '1.0.0' ],
548 silly audit   bytes: [ '3.1.2' ],
548 silly audit   'raw-body': [ '3.0.2' ],
548 silly audit   ms: [ '2.1.3' ],
548 silly audit   inherits: [ '2.0.4' ],
548 silly audit   setprototypeof: [ '1.2.0' ],
548 silly audit   toidentifier: [ '1.0.1' ],
548 silly audit   'mime-db': [ '1.54.0' ],
548 silly audit   'ee-first': [ '1.1.1' ],
548 silly audit   wrappy: [ '1.0.2' ],
548 silly audit   forwarded: [ '0.2.0' ],
548 silly audit   'ipaddr.js': [ '1.9.1' ],
548 silly audit   'side-channel': [ '1.1.0' ],
548 silly audit   unpipe: [ '1.0.0' ],
548 silly audit   'is-promise': [ '4.0.0' ],
548 silly audit   'path-to-regexp': [ '8.4.2' ],
548 silly audit   'es-errors': [ '1.3.0' ],
548 silly audit   'object-inspect': [ '1.13.4' ],
548 silly audit   'side-channel-list': [ '1.0.1' ],
548 silly audit   'side-channel-map': [ '1.0.1' ],
548 silly audit   'side-channel-weakmap': [ '1.0.2' ],
548 silly audit   'call-bound': [ '1.0.4' ],
548 silly audit   'get-intrinsic': [ '1.3.0' ],
548 silly audit   'call-bind-apply-helpers': [ '1.0.2' ],
548 silly audit   'function-bind': [ '1.1.2' ],
548 silly audit   'es-define-property': [ '1.0.1' ],
548 silly audit   'es-object-atoms': [ '1.1.2' ],
548 silly audit   'get-proto': [ '1.0.1' ],
548 silly audit   gopd: [ '1.2.0' ],
548 silly audit   'has-symbols': [ '1.1.0' ],
548 silly audit   hasown: [ '2.0.3' ],
548 silly audit   'math-intrinsics': [ '1.1.0' ],
548 silly audit   'dunder-proto': [ '1.0.1' ],
548 silly audit   commander: [ '6.2.0', '9.5.0' ],
548 silly audit   doctrine: [ '3.0.0' ],
548 silly audit   glob: [ '7.1.6' ],
548 silly audit   'lodash.mergewith': [ '4.6.2' ],
548 silly audit   'swagger-parser': [ '10.0.3' ],
548 silly audit   yaml: [ '2.0.0-1' ],
548 silly audit   esutils: [ '2.0.3' ],
548 silly audit   'fs.realpath': [ '1.0.0' ],
548 silly audit   inflight: [ '1.0.6' ],
548 silly audit   minimatch: [ '3.1.5' ],
548 silly audit   'path-is-absolute': [ '1.0.1' ],
548 silly audit   'brace-expansion': [ '1.1.14' ],
548 silly audit   'balanced-match': [ '1.0.2' ],
548 silly audit   'concat-map': [ '0.0.1' ],
548 silly audit   '@apidevtools/swagger-parser': [ '10.0.3' ],
548 silly audit   'openapi-types': [ '12.1.3' ],
548 silly audit   '@apidevtools/json-schema-ref-parser': [ '9.1.2' ],
548 silly audit   '@apidevtools/openapi-schemas': [ '2.1.0' ],
548 silly audit   '@apidevtools/swagger-methods': [ '3.0.2' ],
548 silly audit   '@jsdevtools/ono': [ '7.1.3' ],
548 silly audit   'call-me-maybe': [ '1.0.2' ],
548 silly audit   'z-schema': [ '5.0.5' ],
548 silly audit   '@types/json-schema': [ '7.0.15' ],
548 silly audit   'js-yaml': [ '4.1.1' ],
548 silly audit   argparse: [ '2.0.1' ],
548 silly audit   'swagger-ui-dist': [ '5.32.6' ],
548 silly audit   '@scarf/scarf': [ '1.4.0' ],
548 silly audit   'media-typer': [ '1.1.0' ],
548 silly audit   'lodash.get': [ '4.4.2' ],
548 silly audit   'lodash.isequal': [ '4.5.0' ],
548 silly audit   validator: [ '13.15.35' ]
548 silly audit }
549 http cache validator@https://registry.npmjs.org/validator/-/validator-13.15.35.tgz 0ms (cache hit)
550 http cache @scarf/scarf@https://registry.npmjs.org/@scarf/scarf/-/scarf-1.4.0.tgz 0ms (cache hit)
551 http cache lodash.isequal@https://registry.npmjs.org/lodash.isequal/-/lodash.isequal-4.5.0.tgz 0ms (cache hit)
552 http cache media-typer@https://registry.npmjs.org/media-typer/-/media-typer-1.1.0.tgz 0ms (cache hit)
553 http cache argparse@https://registry.npmjs.org/argparse/-/argparse-2.0.1.tgz 0ms (cache hit)
554 http cache swagger-ui-dist@https://registry.npmjs.org/swagger-ui-dist/-/swagger-ui-dist-5.32.6.tgz 0ms (cache hit)
555 http cache lodash.get@https://registry.npmjs.org/lodash.get/-/lodash.get-4.4.2.tgz 0ms (cache hit)
556 http cache js-yaml@https://registry.npmjs.org/js-yaml/-/js-yaml-4.1.1.tgz 0ms (cache hit)
557 http cache @types/json-schema@https://registry.npmjs.org/@types/json-schema/-/json-schema-7.0.15.tgz 0ms (cache hit)
558 http cache z-schema@https://registry.npmjs.org/z-schema/-/z-schema-5.0.5.tgz 0ms (cache hit)
559 http cache call-me-maybe@https://registry.npmjs.org/call-me-maybe/-/call-me-maybe-1.0.2.tgz 0ms (cache hit)
560 http cache @jsdevtools/ono@https://registry.npmjs.org/@jsdevtools/ono/-/ono-7.1.3.tgz 0ms (cache hit)
561 http cache @apidevtools/openapi-schemas@https://registry.npmjs.org/@apidevtools/openapi-schemas/-/openapi-schemas-2.1.0.tgz 0ms (cache hit)
562 http cache @apidevtools/swagger-methods@https://registry.npmjs.org/@apidevtools/swagger-methods/-/swagger-methods-3.0.2.tgz 0ms (cache hit)
563 http cache @apidevtools/json-schema-ref-parser@https://registry.npmjs.org/@apidevtools/json-schema-ref-parser/-/json-schema-ref-parser-9.1.2.tgz 0ms (cache hit)
564 http cache @apidevtools/swagger-parser@https://registry.npmjs.org/@apidevtools/swagger-parser/-/swagger-parser-10.0.3.tgz 0ms (cache hit)
565 http cache openapi-types@https://registry.npmjs.org/openapi-types/-/openapi-types-12.1.3.tgz 0ms (cache hit)
566 http cache concat-map@https://registry.npmjs.org/concat-map/-/concat-map-0.0.1.tgz 0ms (cache hit)
567 http cache brace-expansion@https://registry.npmjs.org/brace-expansion/-/brace-expansion-1.1.14.tgz 0ms (cache hit)
568 http cache balanced-match@https://registry.npmjs.org/balanced-match/-/balanced-match-1.0.2.tgz 0ms (cache hit)
569 http cache path-is-absolute@https://registry.npmjs.org/path-is-absolute/-/path-is-absolute-1.0.1.tgz 0ms (cache hit)
570 http cache minimatch@https://registry.npmjs.org/minimatch/-/minimatch-3.1.5.tgz 0ms (cache hit)
571 http cache inflight@https://registry.npmjs.org/inflight/-/inflight-1.0.6.tgz 0ms (cache hit)
572 http cache fs.realpath@https://registry.npmjs.org/fs.realpath/-/fs.realpath-1.0.0.tgz 0ms (cache hit)
573 http cache esutils@https://registry.npmjs.org/esutils/-/esutils-2.0.3.tgz 0ms (cache hit)
574 http cache swagger-parser@https://registry.npmjs.org/swagger-parser/-/swagger-parser-10.0.3.tgz 0ms (cache hit)
575 http cache glob@https://registry.npmjs.org/glob/-/glob-7.1.6.tgz 0ms (cache hit)
576 http cache commander@https://registry.npmjs.org/commander/-/commander-6.2.0.tgz 0ms (cache hit)
577 http cache dunder-proto@https://registry.npmjs.org/dunder-proto/-/dunder-proto-1.0.1.tgz 0ms (cache hit)
578 http cache doctrine@https://registry.npmjs.org/doctrine/-/doctrine-3.0.0.tgz 0ms (cache hit)
579 http cache math-intrinsics@https://registry.npmjs.org/math-intrinsics/-/math-intrinsics-1.1.0.tgz 0ms (cache hit)
580 http cache gopd@https://registry.npmjs.org/gopd/-/gopd-1.2.0.tgz 0ms (cache hit)
581 http cache has-symbols@https://registry.npmjs.org/has-symbols/-/has-symbols-1.1.0.tgz 0ms (cache hit)
582 http cache get-proto@https://registry.npmjs.org/get-proto/-/get-proto-1.0.1.tgz 0ms (cache hit)
583 http cache hasown@https://registry.npmjs.org/hasown/-/hasown-2.0.3.tgz 1ms (cache hit)
584 http cache es-define-property@https://registry.npmjs.org/es-define-property/-/es-define-property-1.0.1.tgz 0ms (cache hit)
585 http cache function-bind@https://registry.npmjs.org/function-bind/-/function-bind-1.1.2.tgz 0ms (cache hit)
586 http cache es-object-atoms@https://registry.npmjs.org/es-object-atoms/-/es-object-atoms-1.1.2.tgz 0ms (cache hit)
587 http cache call-bind-apply-helpers@https://registry.npmjs.org/call-bind-apply-helpers/-/call-bind-apply-helpers-1.0.2.tgz 0ms (cache hit)
588 http cache call-bound@https://registry.npmjs.org/call-bound/-/call-bound-1.0.4.tgz 0ms (cache hit)
589 http cache get-intrinsic@https://registry.npmjs.org/get-intrinsic/-/get-intrinsic-1.3.0.tgz 0ms (cache hit)
590 http cache side-channel-weakmap@https://registry.npmjs.org/side-channel-weakmap/-/side-channel-weakmap-1.0.2.tgz 0ms (cache hit)
591 http cache side-channel-map@https://registry.npmjs.org/side-channel-map/-/side-channel-map-1.0.1.tgz 0ms (cache hit)
592 http cache side-channel-list@https://registry.npmjs.org/side-channel-list/-/side-channel-list-1.0.1.tgz 0ms (cache hit)
593 http cache object-inspect@https://registry.npmjs.org/object-inspect/-/object-inspect-1.13.4.tgz 0ms (cache hit)
594 http cache es-errors@https://registry.npmjs.org/es-errors/-/es-errors-1.3.0.tgz 0ms (cache hit)
595 http cache is-promise@https://registry.npmjs.org/is-promise/-/is-promise-4.0.0.tgz 0ms (cache hit)
596 http cache unpipe@https://registry.npmjs.org/unpipe/-/unpipe-1.0.0.tgz 0ms (cache hit)
597 http cache path-to-regexp@https://registry.npmjs.org/path-to-regexp/-/path-to-regexp-8.4.2.tgz 0ms (cache hit)
598 http cache side-channel@https://registry.npmjs.org/side-channel/-/side-channel-1.1.0.tgz 0ms (cache hit)
599 http cache ipaddr.js@https://registry.npmjs.org/ipaddr.js/-/ipaddr.js-1.9.1.tgz 0ms (cache hit)
600 http cache lodash.mergewith@https://registry.npmjs.org/lodash.mergewith/-/lodash.mergewith-4.6.2.tgz 0ms (cache hit)
601 http cache forwarded@https://registry.npmjs.org/forwarded/-/forwarded-0.2.0.tgz 0ms (cache hit)
602 http cache wrappy@https://registry.npmjs.org/wrappy/-/wrappy-1.0.2.tgz 0ms (cache hit)
603 http cache ee-first@https://registry.npmjs.org/ee-first/-/ee-first-1.1.1.tgz 0ms (cache hit)
604 http cache mime-db@https://registry.npmjs.org/mime-db/-/mime-db-1.54.0.tgz 0ms (cache hit)
605 http cache toidentifier@https://registry.npmjs.org/toidentifier/-/toidentifier-1.0.1.tgz 0ms (cache hit)
606 http cache setprototypeof@https://registry.npmjs.org/setprototypeof/-/setprototypeof-1.2.0.tgz 0ms (cache hit)
607 http cache yaml@https://registry.npmjs.org/yaml/-/yaml-2.0.0-1.tgz 0ms (cache hit)
608 http cache inherits@https://registry.npmjs.org/inherits/-/inherits-2.0.4.tgz 0ms (cache hit)
609 http cache raw-body@https://registry.npmjs.org/raw-body/-/raw-body-3.0.2.tgz 0ms (cache hit)
610 http cache negotiator@https://registry.npmjs.org/negotiator/-/negotiator-1.0.0.tgz 0ms (cache hit)
611 http cache bytes@https://registry.npmjs.org/bytes/-/bytes-3.1.2.tgz 0ms (cache hit)
612 http cache type-is@https://registry.npmjs.org/type-is/-/type-is-2.1.0.tgz 0ms (cache hit)
613 http cache statuses@https://registry.npmjs.org/statuses/-/statuses-2.0.2.tgz 0ms (cache hit)
614 http cache serve-static@https://registry.npmjs.org/serve-static/-/serve-static-2.2.1.tgz 0ms (cache hit)
615 http cache send@https://registry.npmjs.org/send/-/send-1.2.1.tgz 0ms (cache hit)
616 http cache range-parser@https://registry.npmjs.org/range-parser/-/range-parser-1.2.1.tgz 0ms (cache hit)
617 http cache router@https://registry.npmjs.org/router/-/router-2.2.0.tgz 0ms (cache hit)
618 http cache ms@https://registry.npmjs.org/ms/-/ms-2.1.3.tgz 0ms (cache hit)
619 http cache qs@https://registry.npmjs.org/qs/-/qs-6.15.2.tgz 0ms (cache hit)
620 http cache proxy-addr@https://registry.npmjs.org/proxy-addr/-/proxy-addr-2.0.7.tgz 0ms (cache hit)
621 http cache parseurl@https://registry.npmjs.org/parseurl/-/parseurl-1.3.3.tgz 0ms (cache hit)
622 http cache on-finished@https://registry.npmjs.org/on-finished/-/on-finished-2.4.1.tgz 0ms (cache hit)
623 http cache once@https://registry.npmjs.org/once/-/once-1.4.0.tgz 0ms (cache hit)
624 http cache mime-types@https://registry.npmjs.org/mime-types/-/mime-types-3.0.2.tgz 0ms (cache hit)
625 http cache merge-descriptors@https://registry.npmjs.org/merge-descriptors/-/merge-descriptors-2.0.0.tgz 0ms (cache hit)
626 http cache http-errors@https://registry.npmjs.org/http-errors/-/http-errors-2.0.1.tgz 0ms (cache hit)
627 http cache fresh@https://registry.npmjs.org/fresh/-/fresh-2.0.0.tgz 0ms (cache hit)
628 http cache finalhandler@https://registry.npmjs.org/finalhandler/-/finalhandler-2.1.1.tgz 0ms (cache hit)
629 http cache etag@https://registry.npmjs.org/etag/-/etag-1.8.1.tgz 0ms (cache hit)
630 http cache escape-html@https://registry.npmjs.org/escape-html/-/escape-html-1.0.3.tgz 0ms (cache hit)
631 http cache depd@https://registry.npmjs.org/depd/-/depd-2.0.0.tgz 0ms (cache hit)
632 http cache cookie-signature@https://registry.npmjs.org/cookie-signature/-/cookie-signature-1.2.2.tgz 0ms (cache hit)
633 http cache debug@https://registry.npmjs.org/debug/-/debug-4.4.3.tgz 0ms (cache hit)
634 http cache cookie@https://registry.npmjs.org/cookie/-/cookie-0.7.2.tgz 0ms (cache hit)
635 http cache content-type@https://registry.npmjs.org/content-type/-/content-type-1.0.5.tgz 0ms (cache hit)
636 http cache encodeurl@https://registry.npmjs.org/encodeurl/-/encodeurl-2.0.0.tgz 0ms (cache hit)
637 http cache content-disposition@https://registry.npmjs.org/content-disposition/-/content-disposition-1.1.0.tgz 0ms (cache hit)
638 http cache accepts@https://registry.npmjs.org/accepts/-/accepts-2.0.0.tgz 0ms (cache hit)
639 http cache object-assign@https://registry.npmjs.org/object-assign/-/object-assign-4.1.1.tgz 0ms (cache hit)
640 http cache vary@https://registry.npmjs.org/vary/-/vary-1.1.2.tgz 0ms (cache hit)
641 http cache swagger-ui-express@https://registry.npmjs.org/swagger-ui-express/-/swagger-ui-express-5.0.1.tgz 0ms (cache hit)
642 http cache body-parser@https://registry.npmjs.org/body-parser/-/body-parser-2.2.2.tgz 0ms (cache hit)
643 http cache swagger-jsdoc@https://registry.npmjs.org/swagger-jsdoc/-/swagger-jsdoc-6.2.8.tgz 0ms (cache hit)
644 http cache commander@https://registry.npmjs.org/commander/-/commander-9.5.0.tgz 0ms (cache hit)
645 http cache express@https://registry.npmjs.org/express/-/express-5.2.1.tgz 0ms (cache hit)
646 http cache cors@https://registry.npmjs.org/cors/-/cors-2.8.6.tgz 0ms (cache hit)
647 http cache content-type@https://registry.npmjs.org/content-type/-/content-type-2.0.0.tgz 0ms (cache hit)
648 http cache iconv-lite@https://registry.npmjs.org/iconv-lite/-/iconv-lite-0.7.2.tgz 0ms (cache hit)
649 http cache iconv-lite@https://registry.npmjs.org/iconv-lite/-/iconv-lite-0.7.2.tgz 0ms (cache hit)
650 silly tarball no local data for validator@https://registry.npmjs.org/validator/-/validator-13.15.35.tgz. Extracting by manifest.
651 silly tarball no local data for @scarf/scarf@https://registry.npmjs.org/@scarf/scarf/-/scarf-1.4.0.tgz. Extracting by manifest.
652 silly tarball no local data for lodash.isequal@https://registry.npmjs.org/lodash.isequal/-/lodash.isequal-4.5.0.tgz. Extracting by manifest.
653 silly tarball no local data for media-typer@https://registry.npmjs.org/media-typer/-/media-typer-1.1.0.tgz. Extracting by manifest.
654 silly tarball no local data for argparse@https://registry.npmjs.org/argparse/-/argparse-2.0.1.tgz. Extracting by manifest.
655 silly tarball no local data for swagger-ui-dist@https://registry.npmjs.org/swagger-ui-dist/-/swagger-ui-dist-5.32.6.tgz. Extracting by manifest.
656 silly tarball no local data for lodash.get@https://registry.npmjs.org/lodash.get/-/lodash.get-4.4.2.tgz. Extracting by manifest.
657 silly tarball no local data for js-yaml@https://registry.npmjs.org/js-yaml/-/js-yaml-4.1.1.tgz. Extracting by manifest.
658 silly tarball no local data for @types/json-schema@https://registry.npmjs.org/@types/json-schema/-/json-schema-7.0.15.tgz. Extracting by manifest.
659 silly tarball no local data for z-schema@https://registry.npmjs.org/z-schema/-/z-schema-5.0.5.tgz. Extracting by manifest.
660 silly tarball no local data for call-me-maybe@https://registry.npmjs.org/call-me-maybe/-/call-me-maybe-1.0.2.tgz. Extracting by manifest.
661 silly tarball no local data for @jsdevtools/ono@https://registry.npmjs.org/@jsdevtools/ono/-/ono-7.1.3.tgz. Extracting by manifest.
662 silly tarball no local data for @apidevtools/openapi-schemas@https://registry.npmjs.org/@apidevtools/openapi-schemas/-/openapi-schemas-2.1.0.tgz. Extracting by manifest.
663 silly tarball no local data for @apidevtools/swagger-methods@https://registry.npmjs.org/@apidevtools/swagger-methods/-/swagger-methods-3.0.2.tgz. Extracting by manifest.
664 silly tarball no local data for @apidevtools/json-schema-ref-parser@https://registry.npmjs.org/@apidevtools/json-schema-ref-parser/-/json-schema-ref-parser-9.1.2.tgz. Extracting by manifest.
665 silly tarball no local data for @apidevtools/swagger-parser@https://registry.npmjs.org/@apidevtools/swagger-parser/-/swagger-parser-10.0.3.tgz. Extracting by manifest.
666 silly tarball no local data for openapi-types@https://registry.npmjs.org/openapi-types/-/openapi-types-12.1.3.tgz. Extracting by manifest.
667 silly tarball no local data for concat-map@https://registry.npmjs.org/concat-map/-/concat-map-0.0.1.tgz. Extracting by manifest.
668 silly tarball no local data for brace-expansion@https://registry.npmjs.org/brace-expansion/-/brace-expansion-1.1.14.tgz. Extracting by manifest.
669 silly tarball no local data for balanced-match@https://registry.npmjs.org/balanced-match/-/balanced-match-1.0.2.tgz. Extracting by manifest.
670 silly tarball no local data for path-is-absolute@https://registry.npmjs.org/path-is-absolute/-/path-is-absolute-1.0.1.tgz. Extracting by manifest.
671 silly tarball no local data for minimatch@https://registry.npmjs.org/minimatch/-/minimatch-3.1.5.tgz. Extracting by manifest.
672 silly tarball no local data for inflight@https://registry.npmjs.org/inflight/-/inflight-1.0.6.tgz. Extracting by manifest.
673 silly tarball no local data for esutils@https://registry.npmjs.org/esutils/-/esutils-2.0.3.tgz. Extracting by manifest.
674 silly tarball no local data for swagger-parser@https://registry.npmjs.org/swagger-parser/-/swagger-parser-10.0.3.tgz. Extracting by manifest.
675 silly tarball no local data for glob@https://registry.npmjs.org/glob/-/glob-7.1.6.tgz. Extracting by manifest.
676 silly tarball no local data for commander@https://registry.npmjs.org/commander/-/commander-6.2.0.tgz. Extracting by manifest.
677 silly tarball no local data for dunder-proto@https://registry.npmjs.org/dunder-proto/-/dunder-proto-1.0.1.tgz. Extracting by manifest.
678 silly tarball no local data for doctrine@https://registry.npmjs.org/doctrine/-/doctrine-3.0.0.tgz. Extracting by manifest.
679 silly tarball no local data for math-intrinsics@https://registry.npmjs.org/math-intrinsics/-/math-intrinsics-1.1.0.tgz. Extracting by manifest.
680 silly tarball no local data for gopd@https://registry.npmjs.org/gopd/-/gopd-1.2.0.tgz. Extracting by manifest.
681 silly tarball no local data for fs.realpath@https://registry.npmjs.org/fs.realpath/-/fs.realpath-1.0.0.tgz. Extracting by manifest.
682 silly tarball no local data for has-symbols@https://registry.npmjs.org/has-symbols/-/has-symbols-1.1.0.tgz. Extracting by manifest.
683 silly tarball no local data for get-proto@https://registry.npmjs.org/get-proto/-/get-proto-1.0.1.tgz. Extracting by manifest.
684 silly tarball no local data for hasown@https://registry.npmjs.org/hasown/-/hasown-2.0.3.tgz. Extracting by manifest.
685 silly tarball no local data for es-define-property@https://registry.npmjs.org/es-define-property/-/es-define-property-1.0.1.tgz. Extracting by manifest.
686 silly tarball no local data for function-bind@https://registry.npmjs.org/function-bind/-/function-bind-1.1.2.tgz. Extracting by manifest.
687 silly tarball no local data for es-object-atoms@https://registry.npmjs.org/es-object-atoms/-/es-object-atoms-1.1.2.tgz. Extracting by manifest.
688 silly tarball no local data for call-bind-apply-helpers@https://registry.npmjs.org/call-bind-apply-helpers/-/call-bind-apply-helpers-1.0.2.tgz. Extracting by manifest.
689 silly tarball no local data for call-bound@https://registry.npmjs.org/call-bound/-/call-bound-1.0.4.tgz. Extracting by manifest.
690 silly tarball no local data for get-intrinsic@https://registry.npmjs.org/get-intrinsic/-/get-intrinsic-1.3.0.tgz. Extracting by manifest.
691 silly tarball no local data for side-channel-map@https://registry.npmjs.org/side-channel-map/-/side-channel-map-1.0.1.tgz. Extracting by manifest.
692 silly tarball no local data for side-channel-list@https://registry.npmjs.org/side-channel-list/-/side-channel-list-1.0.1.tgz. Extracting by manifest.
693 silly tarball no local data for object-inspect@https://registry.npmjs.org/object-inspect/-/object-inspect-1.13.4.tgz. Extracting by manifest.
694 silly tarball no local data for es-errors@https://registry.npmjs.org/es-errors/-/es-errors-1.3.0.tgz. Extracting by manifest.
695 silly tarball no local data for is-promise@https://registry.npmjs.org/is-promise/-/is-promise-4.0.0.tgz. Extracting by manifest.
696 silly tarball no local data for unpipe@https://registry.npmjs.org/unpipe/-/unpipe-1.0.0.tgz. Extracting by manifest.
697 silly tarball no local data for path-to-regexp@https://registry.npmjs.org/path-to-regexp/-/path-to-regexp-8.4.2.tgz. Extracting by manifest.
698 silly tarball no local data for side-channel@https://registry.npmjs.org/side-channel/-/side-channel-1.1.0.tgz. Extracting by manifest.
699 silly tarball no local data for ipaddr.js@https://registry.npmjs.org/ipaddr.js/-/ipaddr.js-1.9.1.tgz. Extracting by manifest.
700 silly tarball no local data for lodash.mergewith@https://registry.npmjs.org/lodash.mergewith/-/lodash.mergewith-4.6.2.tgz. Extracting by manifest.
701 silly tarball no local data for forwarded@https://registry.npmjs.org/forwarded/-/forwarded-0.2.0.tgz. Extracting by manifest.
702 silly tarball no local data for wrappy@https://registry.npmjs.org/wrappy/-/wrappy-1.0.2.tgz. Extracting by manifest.
703 silly tarball no local data for mime-db@https://registry.npmjs.org/mime-db/-/mime-db-1.54.0.tgz. Extracting by manifest.
704 silly tarball no local data for toidentifier@https://registry.npmjs.org/toidentifier/-/toidentifier-1.0.1.tgz. Extracting by manifest.
705 silly tarball no local data for setprototypeof@https://registry.npmjs.org/setprototypeof/-/setprototypeof-1.2.0.tgz. Extracting by manifest.
706 silly tarball no local data for yaml@https://registry.npmjs.org/yaml/-/yaml-2.0.0-1.tgz. Extracting by manifest.
707 silly tarball no local data for inherits@https://registry.npmjs.org/inherits/-/inherits-2.0.4.tgz. Extracting by manifest.
708 silly tarball no local data for side-channel-weakmap@https://registry.npmjs.org/side-channel-weakmap/-/side-channel-weakmap-1.0.2.tgz. Extracting by manifest.
709 silly tarball no local data for ee-first@https://registry.npmjs.org/ee-first/-/ee-first-1.1.1.tgz. Extracting by manifest.
710 silly tarball no local data for raw-body@https://registry.npmjs.org/raw-body/-/raw-body-3.0.2.tgz. Extracting by manifest.
711 silly tarball no local data for negotiator@https://registry.npmjs.org/negotiator/-/negotiator-1.0.0.tgz. Extracting by manifest.
712 silly tarball no local data for bytes@https://registry.npmjs.org/bytes/-/bytes-3.1.2.tgz. Extracting by manifest.
713 silly tarball no local data for type-is@https://registry.npmjs.org/type-is/-/type-is-2.1.0.tgz. Extracting by manifest.
714 silly tarball no local data for statuses@https://registry.npmjs.org/statuses/-/statuses-2.0.2.tgz. Extracting by manifest.
715 silly tarball no local data for serve-static@https://registry.npmjs.org/serve-static/-/serve-static-2.2.1.tgz. Extracting by manifest.
716 silly tarball no local data for send@https://registry.npmjs.org/send/-/send-1.2.1.tgz. Extracting by manifest.
717 silly tarball no local data for range-parser@https://registry.npmjs.org/range-parser/-/range-parser-1.2.1.tgz. Extracting by manifest.
718 silly tarball no local data for router@https://registry.npmjs.org/router/-/router-2.2.0.tgz. Extracting by manifest.
719 silly tarball no local data for ms@https://registry.npmjs.org/ms/-/ms-2.1.3.tgz. Extracting by manifest.
720 silly tarball no local data for qs@https://registry.npmjs.org/qs/-/qs-6.15.2.tgz. Extracting by manifest.
721 silly tarball no local data for proxy-addr@https://registry.npmjs.org/proxy-addr/-/proxy-addr-2.0.7.tgz. Extracting by manifest.
722 silly tarball no local data for on-finished@https://registry.npmjs.org/on-finished/-/on-finished-2.4.1.tgz. Extracting by manifest.
723 silly tarball no local data for once@https://registry.npmjs.org/once/-/once-1.4.0.tgz. Extracting by manifest.
724 silly tarball no local data for mime-types@https://registry.npmjs.org/mime-types/-/mime-types-3.0.2.tgz. Extracting by manifest.
725 silly tarball no local data for merge-descriptors@https://registry.npmjs.org/merge-descriptors/-/merge-descriptors-2.0.0.tgz. Extracting by manifest.
726 silly tarball no local data for http-errors@https://registry.npmjs.org/http-errors/-/http-errors-2.0.1.tgz. Extracting by manifest.
727 silly tarball no local data for fresh@https://registry.npmjs.org/fresh/-/fresh-2.0.0.tgz. Extracting by manifest.
728 silly tarball no local data for finalhandler@https://registry.npmjs.org/finalhandler/-/finalhandler-2.1.1.tgz. Extracting by manifest.
729 silly tarball no local data for escape-html@https://registry.npmjs.org/escape-html/-/escape-html-1.0.3.tgz. Extracting by manifest.
730 silly tarball no local data for depd@https://registry.npmjs.org/depd/-/depd-2.0.0.tgz. Extracting by manifest.
731 silly tarball no local data for cookie-signature@https://registry.npmjs.org/cookie-signature/-/cookie-signature-1.2.2.tgz. Extracting by manifest.
732 silly tarball no local data for debug@https://registry.npmjs.org/debug/-/debug-4.4.3.tgz. Extracting by manifest.
733 silly tarball no local data for cookie@https://registry.npmjs.org/cookie/-/cookie-0.7.2.tgz. Extracting by manifest.
734 silly tarball no local data for content-type@https://registry.npmjs.org/content-type/-/content-type-1.0.5.tgz. Extracting by manifest.
735 silly tarball no local data for encodeurl@https://registry.npmjs.org/encodeurl/-/encodeurl-2.0.0.tgz. Extracting by manifest.
736 silly tarball no local data for accepts@https://registry.npmjs.org/accepts/-/accepts-2.0.0.tgz. Extracting by manifest.
737 silly tarball no local data for object-assign@https://registry.npmjs.org/object-assign/-/object-assign-4.1.1.tgz. Extracting by manifest.
738 silly tarball no local data for vary@https://registry.npmjs.org/vary/-/vary-1.1.2.tgz. Extracting by manifest.
739 silly tarball no local data for swagger-ui-express@https://registry.npmjs.org/swagger-ui-express/-/swagger-ui-express-5.0.1.tgz. Extracting by manifest.
740 silly tarball no local data for body-parser@https://registry.npmjs.org/body-parser/-/body-parser-2.2.2.tgz. Extracting by manifest.
741 silly tarball no local data for swagger-jsdoc@https://registry.npmjs.org/swagger-jsdoc/-/swagger-jsdoc-6.2.8.tgz. Extracting by manifest.
742 silly tarball no local data for commander@https://registry.npmjs.org/commander/-/commander-9.5.0.tgz. Extracting by manifest.
743 silly tarball no local data for express@https://registry.npmjs.org/express/-/express-5.2.1.tgz. Extracting by manifest.
744 silly tarball no local data for cors@https://registry.npmjs.org/cors/-/cors-2.8.6.tgz. Extracting by manifest.
745 silly tarball no local data for content-type@https://registry.npmjs.org/content-type/-/content-type-2.0.0.tgz. Extracting by manifest.
746 silly tarball no local data for iconv-lite@https://registry.npmjs.org/iconv-lite/-/iconv-lite-0.7.2.tgz. Extracting by manifest.
747 silly tarball no local data for iconv-lite@https://registry.npmjs.org/iconv-lite/-/iconv-lite-0.7.2.tgz. Extracting by manifest.
748 silly tarball no local data for parseurl@https://registry.npmjs.org/parseurl/-/parseurl-1.3.3.tgz. Extracting by manifest.
749 silly tarball no local data for etag@https://registry.npmjs.org/etag/-/etag-1.8.1.tgz. Extracting by manifest.
750 silly tarball no local data for content-disposition@https://registry.npmjs.org/content-disposition/-/content-disposition-1.1.0.tgz. Extracting by manifest.
751 http fetch POST 200 https://registry.npmjs.org/-/npm/v1/security/advisories/bulk 232ms
752 silly audit report {}
753 http fetch GET 200 https://registry.npmjs.org/lodash.get/-/lodash.get-4.4.2.tgz 218ms (cache miss)
754 warn deprecated lodash.get@4.4.2: This package is deprecated. Use the optional chaining (?.) operator instead.
755 http fetch GET 200 https://registry.npmjs.org/media-typer/-/media-typer-1.1.0.tgz 220ms (cache miss)
756 http fetch GET 200 https://registry.npmjs.org/lodash.isequal/-/lodash.isequal-4.5.0.tgz 221ms (cache miss)
757 warn deprecated lodash.isequal@4.5.0: This package is deprecated. Use require('node:util').isDeepStrictEqual instead.
758 http fetch GET 200 https://registry.npmjs.org/@scarf/scarf/-/scarf-1.4.0.tgz 232ms (cache miss)
759 http fetch GET 200 https://registry.npmjs.org/concat-map/-/concat-map-0.0.1.tgz 233ms (cache miss)
760 http fetch GET 200 https://registry.npmjs.org/brace-expansion/-/brace-expansion-1.1.14.tgz 232ms (cache miss)
761 http fetch GET 200 https://registry.npmjs.org/argparse/-/argparse-2.0.1.tgz 255ms (cache miss)
762 http fetch GET 200 https://registry.npmjs.org/openapi-types/-/openapi-types-12.1.3.tgz 263ms (cache miss)
763 http fetch GET 200 https://registry.npmjs.org/balanced-match/-/balanced-match-1.0.2.tgz 273ms (cache miss)
764 http fetch GET 200 https://registry.npmjs.org/@apidevtools/swagger-parser/-/swagger-parser-10.0.3.tgz 283ms (cache miss)
765 http fetch GET 200 https://registry.npmjs.org/path-is-absolute/-/path-is-absolute-1.0.1.tgz 282ms (cache miss)
766 http fetch GET 200 https://registry.npmjs.org/minimatch/-/minimatch-3.1.5.tgz 289ms (cache miss)
767 http fetch GET 200 https://registry.npmjs.org/inflight/-/inflight-1.0.6.tgz 322ms (cache miss)
768 warn deprecated inflight@1.0.6: This module is not supported, and leaks memory. Do not use it. Check out lru-cache if you want a good and tested way to coalesce async requests by a key value, which is much more comprehensive and powerful.
769 http fetch GET 200 https://registry.npmjs.org/esutils/-/esutils-2.0.3.tgz 340ms (cache miss)
770 http fetch GET 200 https://registry.npmjs.org/call-me-maybe/-/call-me-maybe-1.0.2.tgz 380ms (cache miss)
771 http fetch GET 200 https://registry.npmjs.org/swagger-parser/-/swagger-parser-10.0.3.tgz 379ms (cache miss)
772 http fetch GET 200 https://registry.npmjs.org/dunder-proto/-/dunder-proto-1.0.1.tgz 379ms (cache miss)
773 http fetch GET 200 https://registry.npmjs.org/gopd/-/gopd-1.2.0.tgz 393ms (cache miss)
774 http fetch GET 200 https://registry.npmjs.org/has-symbols/-/has-symbols-1.1.0.tgz 394ms (cache miss)
775 http fetch GET 200 https://registry.npmjs.org/math-intrinsics/-/math-intrinsics-1.1.0.tgz 394ms (cache miss)
776 http fetch GET 200 https://registry.npmjs.org/doctrine/-/doctrine-3.0.0.tgz 410ms (cache miss)
777 http fetch GET 200 https://registry.npmjs.org/glob/-/glob-7.1.6.tgz 424ms (cache miss)
778 warn deprecated glob@7.1.6: Old versions of glob are not supported, and contain widely publicized security vulnerabilities, which have been fixed in the current version. Please update. Support for old versions may be purchased (at exorbitant rates) by contacting i@izs.me
779 http fetch GET 200 https://registry.npmjs.org/commander/-/commander-6.2.0.tgz 433ms (cache miss)
780 http fetch GET 200 https://registry.npmjs.org/@types/json-schema/-/json-schema-7.0.15.tgz 453ms (cache miss)
781 http fetch GET 200 https://registry.npmjs.org/fs.realpath/-/fs.realpath-1.0.0.tgz 440ms (cache miss)
782 http fetch GET 200 https://registry.npmjs.org/hasown/-/hasown-2.0.3.tgz 439ms (cache miss)
783 http fetch GET 200 https://registry.npmjs.org/es-object-atoms/-/es-object-atoms-1.1.2.tgz 439ms (cache miss)
784 http fetch GET 200 https://registry.npmjs.org/side-channel-map/-/side-channel-map-1.0.1.tgz 439ms (cache miss)
785 http fetch GET 200 https://registry.npmjs.org/es-define-property/-/es-define-property-1.0.1.tgz 446ms (cache miss)
786 http fetch GET 200 https://registry.npmjs.org/call-bind-apply-helpers/-/call-bind-apply-helpers-1.0.2.tgz 446ms (cache miss)
787 http fetch GET 200 https://registry.npmjs.org/call-bound/-/call-bound-1.0.4.tgz 446ms (cache miss)
788 http fetch GET 200 https://registry.npmjs.org/get-intrinsic/-/get-intrinsic-1.3.0.tgz 446ms (cache miss)
789 http fetch GET 200 https://registry.npmjs.org/forwarded/-/forwarded-0.2.0.tgz 444ms (cache miss)
790 http fetch GET 200 https://registry.npmjs.org/wrappy/-/wrappy-1.0.2.tgz 444ms (cache miss)
791 http fetch GET 200 https://registry.npmjs.org/get-proto/-/get-proto-1.0.1.tgz 464ms (cache miss)
792 http fetch GET 200 https://registry.npmjs.org/function-bind/-/function-bind-1.1.2.tgz 481ms (cache miss)
793 http fetch GET 200 https://registry.npmjs.org/setprototypeof/-/setprototypeof-1.2.0.tgz 476ms (cache miss)
794 http fetch GET 200 https://registry.npmjs.org/unpipe/-/unpipe-1.0.0.tgz 479ms (cache miss)
795 http fetch GET 200 https://registry.npmjs.org/side-channel-list/-/side-channel-list-1.0.1.tgz 481ms (cache miss)
796 http fetch GET 200 https://registry.npmjs.org/path-to-regexp/-/path-to-regexp-8.4.2.tgz 479ms (cache miss)
797 http fetch GET 200 https://registry.npmjs.org/is-promise/-/is-promise-4.0.0.tgz 487ms (cache miss)
798 http fetch GET 200 https://registry.npmjs.org/ipaddr.js/-/ipaddr.js-1.9.1.tgz 486ms (cache miss)
799 http fetch GET 200 https://registry.npmjs.org/side-channel/-/side-channel-1.1.0.tgz 496ms (cache miss)
800 http fetch GET 200 https://registry.npmjs.org/inherits/-/inherits-2.0.4.tgz 495ms (cache miss)
801 http fetch GET 200 https://registry.npmjs.org/toidentifier/-/toidentifier-1.0.1.tgz 496ms (cache miss)
802 http fetch GET 200 https://registry.npmjs.org/range-parser/-/range-parser-1.2.1.tgz 493ms (cache miss)
803 http fetch GET 200 https://registry.npmjs.org/send/-/send-1.2.1.tgz 499ms (cache miss)
804 http fetch GET 200 https://registry.npmjs.org/type-is/-/type-is-2.1.0.tgz 503ms (cache miss)
805 http fetch GET 200 https://registry.npmjs.org/fresh/-/fresh-2.0.0.tgz 499ms (cache miss)
806 http fetch GET 200 https://registry.npmjs.org/merge-descriptors/-/merge-descriptors-2.0.0.tgz 501ms (cache miss)
807 http fetch GET 200 https://registry.npmjs.org/ee-first/-/ee-first-1.1.1.tgz 506ms (cache miss)
808 http fetch GET 200 https://registry.npmjs.org/negotiator/-/negotiator-1.0.0.tgz 516ms (cache miss)
809 http fetch GET 200 https://registry.npmjs.org/bytes/-/bytes-3.1.2.tgz 516ms (cache miss)
810 http fetch GET 200 https://registry.npmjs.org/router/-/router-2.2.0.tgz 516ms (cache miss)
811 http fetch GET 200 https://registry.npmjs.org/mime-db/-/mime-db-1.54.0.tgz 523ms (cache miss)
812 http fetch GET 200 https://registry.npmjs.org/on-finished/-/on-finished-2.4.1.tgz 523ms (cache miss)
813 http fetch GET 200 https://registry.npmjs.org/once/-/once-1.4.0.tgz 523ms (cache miss)
814 http fetch GET 200 https://registry.npmjs.org/http-errors/-/http-errors-2.0.1.tgz 522ms (cache miss)
815 http fetch GET 200 https://registry.npmjs.org/side-channel-weakmap/-/side-channel-weakmap-1.0.2.tgz 530ms (cache miss)
816 http fetch GET 200 https://registry.npmjs.org/raw-body/-/raw-body-3.0.2.tgz 530ms (cache miss)
817 http fetch GET 200 https://registry.npmjs.org/statuses/-/statuses-2.0.2.tgz 529ms (cache miss)
818 http fetch GET 200 https://registry.npmjs.org/proxy-addr/-/proxy-addr-2.0.7.tgz 527ms (cache miss)
819 http fetch GET 200 https://registry.npmjs.org/debug/-/debug-4.4.3.tgz 524ms (cache miss)
820 http fetch GET 200 https://registry.npmjs.org/encodeurl/-/encodeurl-2.0.0.tgz 524ms (cache miss)
821 http fetch GET 200 https://registry.npmjs.org/@apidevtools/json-schema-ref-parser/-/json-schema-ref-parser-9.1.2.tgz 552ms (cache miss)
822 http fetch GET 200 https://registry.npmjs.org/cookie-signature/-/cookie-signature-1.2.2.tgz 527ms (cache miss)
823 http fetch GET 200 https://registry.npmjs.org/ms/-/ms-2.1.3.tgz 532ms (cache miss)
824 http fetch GET 200 https://registry.npmjs.org/finalhandler/-/finalhandler-2.1.1.tgz 529ms (cache miss)
825 http fetch GET 200 https://registry.npmjs.org/swagger-ui-express/-/swagger-ui-express-5.0.1.tgz 527ms (cache miss)
826 http fetch GET 200 https://registry.npmjs.org/escape-html/-/escape-html-1.0.3.tgz 529ms (cache miss)
827 http fetch GET 200 https://registry.npmjs.org/serve-static/-/serve-static-2.2.1.tgz 537ms (cache miss)
828 http fetch GET 200 https://registry.npmjs.org/mime-types/-/mime-types-3.0.2.tgz 534ms (cache miss)
829 http fetch GET 200 https://registry.npmjs.org/cookie/-/cookie-0.7.2.tgz 532ms (cache miss)
830 http fetch GET 200 https://registry.npmjs.org/accepts/-/accepts-2.0.0.tgz 531ms (cache miss)
831 http fetch GET 200 https://registry.npmjs.org/content-type/-/content-type-1.0.5.tgz 533ms (cache miss)
832 http fetch GET 200 https://registry.npmjs.org/object-assign/-/object-assign-4.1.1.tgz 532ms (cache miss)
833 http fetch GET 200 https://registry.npmjs.org/content-disposition/-/content-disposition-1.1.0.tgz 522ms (cache miss)
834 http fetch GET 200 https://registry.npmjs.org/@apidevtools/swagger-methods/-/swagger-methods-3.0.2.tgz 564ms (cache miss)
835 http fetch GET 200 https://registry.npmjs.org/vary/-/vary-1.1.2.tgz 536ms (cache miss)
836 http fetch GET 200 https://registry.npmjs.org/es-errors/-/es-errors-1.3.0.tgz 550ms (cache miss)
837 http fetch GET 200 https://registry.npmjs.org/body-parser/-/body-parser-2.2.2.tgz 537ms (cache miss)
838 http fetch GET 200 https://registry.npmjs.org/etag/-/etag-1.8.1.tgz 528ms (cache miss)
839 http fetch GET 200 https://registry.npmjs.org/parseurl/-/parseurl-1.3.3.tgz 537ms (cache miss)
840 http fetch GET 200 https://registry.npmjs.org/lodash.mergewith/-/lodash.mergewith-4.6.2.tgz 550ms (cache miss)
841 http fetch GET 200 https://registry.npmjs.org/depd/-/depd-2.0.0.tgz 547ms (cache miss)
842 http fetch GET 200 https://registry.npmjs.org/content-type/-/content-type-2.0.0.tgz 544ms (cache miss)
843 http fetch GET 200 https://registry.npmjs.org/express/-/express-5.2.1.tgz 553ms (cache miss)
844 http fetch GET 200 https://registry.npmjs.org/cors/-/cors-2.8.6.tgz 565ms (cache miss)
845 http fetch GET 200 https://registry.npmjs.org/object-inspect/-/object-inspect-1.13.4.tgz 617ms (cache miss)
846 http fetch GET 200 https://registry.npmjs.org/commander/-/commander-9.5.0.tgz 616ms (cache miss)
847 http fetch GET 200 https://registry.npmjs.org/qs/-/qs-6.15.2.tgz 621ms (cache miss)
848 http fetch GET 200 https://registry.npmjs.org/iconv-lite/-/iconv-lite-0.7.2.tgz 618ms (cache miss)
849 http fetch GET 200 https://registry.npmjs.org/yaml/-/yaml-2.0.0-1.tgz 630ms (cache miss)
850 http fetch GET 200 https://registry.npmjs.org/@apidevtools/openapi-schemas/-/openapi-schemas-2.1.0.tgz 657ms (cache miss)
851 http fetch GET 200 https://registry.npmjs.org/iconv-lite/-/iconv-lite-0.7.2.tgz 621ms (cache miss)
852 http fetch GET 200 https://registry.npmjs.org/@jsdevtools/ono/-/ono-7.1.3.tgz 661ms (cache miss)
853 http fetch GET 200 https://registry.npmjs.org/js-yaml/-/js-yaml-4.1.1.tgz 667ms (cache miss)
854 http fetch GET 200 https://registry.npmjs.org/swagger-jsdoc/-/swagger-jsdoc-6.2.8.tgz 667ms (cache miss)
855 http fetch GET 200 https://registry.npmjs.org/z-schema/-/z-schema-5.0.5.tgz 709ms (cache miss)
856 http fetch GET 200 https://registry.npmjs.org/validator/-/validator-13.15.35.tgz 750ms (cache miss)
857 http fetch GET 200 https://registry.npmjs.org/swagger-ui-dist/-/swagger-ui-dist-5.32.6.tgz 815ms (cache miss)
858 info run @scarf/scarf@1.4.0 postinstall node_modules/@scarf/scarf node ./report.js
859 info run @scarf/scarf@1.4.0 postinstall { code: 0, signal: null }
860 silly ADD node_modules/validator
861 silly ADD node_modules/lodash.isequal
862 silly ADD node_modules/lodash.get
863 silly ADD node_modules/media-typer
864 silly ADD node_modules/@scarf/scarf
865 silly ADD node_modules/swagger-ui-dist
866 silly ADD node_modules/argparse
867 silly ADD node_modules/js-yaml
868 silly ADD node_modules/@types/json-schema
869 silly ADD node_modules/z-schema
870 silly ADD node_modules/z-schema/node_modules/commander
871 silly ADD node_modules/call-me-maybe
872 silly ADD node_modules/@jsdevtools/ono
873 silly ADD node_modules/@apidevtools/swagger-methods
874 silly ADD node_modules/@apidevtools/openapi-schemas
875 silly ADD node_modules/@apidevtools/json-schema-ref-parser
876 silly ADD node_modules/openapi-types
877 silly ADD node_modules/@apidevtools/swagger-parser
878 silly ADD node_modules/concat-map
879 silly ADD node_modules/balanced-match
880 silly ADD node_modules/brace-expansion
881 silly ADD node_modules/path-is-absolute
882 silly ADD node_modules/minimatch
883 silly ADD node_modules/inflight
884 silly ADD node_modules/fs.realpath
885 silly ADD node_modules/esutils
886 silly ADD node_modules/yaml
887 silly ADD node_modules/swagger-parser
888 silly ADD node_modules/lodash.mergewith
889 silly ADD node_modules/glob
890 silly ADD node_modules/doctrine
891 silly ADD node_modules/commander
892 silly ADD node_modules/dunder-proto
893 silly ADD node_modules/math-intrinsics
894 silly ADD node_modules/hasown
895 silly ADD node_modules/has-symbols
896 silly ADD node_modules/gopd
897 silly ADD node_modules/get-proto
898 silly ADD node_modules/es-object-atoms
899 silly ADD node_modules/es-define-property
900 silly ADD node_modules/function-bind
901 silly ADD node_modules/call-bind-apply-helpers
902 silly ADD node_modules/get-intrinsic
903 silly ADD node_modules/call-bound
904 silly ADD node_modules/side-channel-weakmap
905 silly ADD node_modules/side-channel-map
906 silly ADD node_modules/side-channel-list
907 silly ADD node_modules/object-inspect
908 silly ADD node_modules/es-errors
909 silly ADD node_modules/path-to-regexp
910 silly ADD node_modules/is-promise
911 silly ADD node_modules/unpipe
912 silly ADD node_modules/side-channel
913 silly ADD node_modules/ipaddr.js
914 silly ADD node_modules/forwarded
915 silly ADD node_modules/wrappy
916 silly ADD node_modules/ee-first
917 silly ADD node_modules/mime-db
918 silly ADD node_modules/toidentifier
919 silly ADD node_modules/setprototypeof
920 silly ADD node_modules/inherits
921 silly ADD node_modules/ms
922 silly ADD node_modules/raw-body
923 silly ADD node_modules/raw-body/node_modules/iconv-lite
924 silly ADD node_modules/bytes
925 silly ADD node_modules/negotiator
926 silly ADD node_modules/type-is
927 silly ADD node_modules/type-is/node_modules/content-type
928 silly ADD node_modules/statuses
929 silly ADD node_modules/serve-static
930 silly ADD node_modules/send
931 silly ADD node_modules/router
932 silly ADD node_modules/range-parser
933 silly ADD node_modules/qs
934 silly ADD node_modules/proxy-addr
935 silly ADD node_modules/parseurl
936 silly ADD node_modules/once
937 silly ADD node_modules/on-finished
938 silly ADD node_modules/mime-types
939 silly ADD node_modules/merge-descriptors
940 silly ADD node_modules/http-errors
941 silly ADD node_modules/fresh
942 silly ADD node_modules/finalhandler
943 silly ADD node_modules/etag
944 silly ADD node_modules/escape-html
945 silly ADD node_modules/encodeurl
946 silly ADD node_modules/depd
947 silly ADD node_modules/debug
948 silly ADD node_modules/cookie-signature
949 silly ADD node_modules/cookie
950 silly ADD node_modules/content-type
951 silly ADD node_modules/content-disposition
952 silly ADD node_modules/body-parser
953 silly ADD node_modules/body-parser/node_modules/iconv-lite
954 silly ADD node_modules/accepts
955 silly ADD node_modules/vary
956 silly ADD node_modules/object-assign
957 silly ADD node_modules/swagger-ui-express
958 silly ADD node_modules/swagger-jsdoc
959 silly ADD node_modules/express
960 silly ADD node_modules/cors
961 verbose cwd /Users/NUMTEMA/Downloads/funnel-scraper-mvp
962 verbose os Darwin 22.6.0
963 verbose node v24.5.0
964 verbose npm  v11.5.1
965 verbose exit 0
966 info ok
